ISOLATION VERIFIED: own fresh data directory, own Unix socket, no TCP listener, zero public tables
{
  "tables": 122,
  "functions": 231,
  "triggers": 175,
  "missing_foreign_tables": []
}

 actual_owner_success 
----------------------
 t
(1 row)

 test_assert 
-------------
 
(1 row)

Loaded unchanged accepted/bank owners and prospective Round1 with actual money graph
PASS: Actual accepted owner creates complete source and exact original scope manifest
PASS: Actual treasury credit and contributor receipts are captured without financial finality
PASS: Current bank exact replay after seal adds no money or public/private rows
PASS: Producer manifest replay does not rewrite its receipt
PASS: Bank manifest replay does not rewrite its receipt
PASS: Changed bank replay cutoff cannot relabel original evidence
PASS: Private sealer refuses direct execution by service_role
PASS: Private sealer refuses direct execution by authenticated
PASS: Private sealer refuses direct execution by anon
PASS: Repeatable read cannot hide a writer committed during the wait
PASS: Manifest cannot be relabeled complete
PASS: Duplicate treasury journal after a credit rolls back the preceding money
PASS: NULL envelope cannot be counted as an empty cash producer prefix
PASS: Noncash envelope cannot be counted as an empty cash producer prefix
PASS: Producer first: exclusive seal waits and includes committed actual owner
PASS: Missing actual bank acknowledgment refuses without advancing bank evidence
PASS: Missing actual contributor acknowledgment refuses bank evidence
PASS: Sealer first: waiting actual accepted owner refuses its original timestamp without retiming
PASS: Refused late accepted owner leaves every public financial row unchanged
PASS: Bank first: seal waits then pins the actual committed credit and contributor chain
PASS: Sealer first: original actual money timestamp refuses after wait without credit
PASS: Refused bank attempt rolls back all public rows
PASS: Fresh retry banks exactly once after the closed bank cutoff
PASS: Seal binds original Union after the current table changes Union
PASS: Union bank cutoff uses original money transaction time, not receipt-recording time
PASS: Current original-Union replay after bank seal adds no money
PASS: Saved actual pre-capture bank owner exact replay adds no second money after seal
PASS: Saved pre-capture bank owner cannot create a different Union credit after seal
PASS: Duplicate Union money journal rolls back its preceding wallet credit
PASS: No financial period or funding/payment receipt is invented by seal primitives
{"passing": 30, "observed_waits": 4}
