
[1m[46m RUN [49m[22m [36mv4.0.18 [39m[90m/sessions/intelligent-quirky-meitner/mnt/Documents/club-arena[39m

 [32m✓[39m tests/e2e/tournament-flows.test.ts [2m([22m[2m58 tests[22m[2m)[22m[32m 9[2mms[22m[39m
[90mstdout[2m | tests/unit/TournamentRecurringService.test.ts[2m > [22m[2mTournamentRecurringService[2m > [22m[2mstart / stop lifecycle[2m > [22m[2mshould start without crashing
[22m[39m[TournamentRecurring] Service started — MTTs every 5 min, SNGs every 15 min, Spins every 10 min, XMTTs every 5 min

[90mstderr[2m | tests/unit/TournamentRecurringService.test.ts[2m > [22m[2mTournamentRecurringService[2m > [22m[2mstart / stop lifecycle[2m > [22m[2mshould start without crashing
[22m[39m[RecurringService] Tournament creation attempt 1/3 failed: undefined
[TournamentRecurring] SNG creation failed: undefined
[TournamentRecurring] Spin creation failed: undefined

[90mstdout[2m | tests/unit/TournamentRecurringService.test.ts[2m > [22m[2mTournamentRecurringService[2m > [22m[2mstart / stop lifecycle[2m > [22m[2mshould start without crashing
[22m[39m[TournamentRecurring] Stopped

[90mstderr[2m | tests/unit/TournamentRecurringService.test.ts[2m > [22m[2mTournamentRecurringService[2m > [22m[2mstart / stop lifecycle[2m > [22m[2mshould start without crashing
[22m[39m[TournamentRecurring] SNG creation failed: undefined
[TournamentRecurring] Spin creation failed: undefined

[90mstderr[2m | tests/unit/TournamentRecurringService.test.ts[2m > [22m[2mTournamentRecurringService[2m > [22m[2mstart / stop lifecycle[2m > [22m[2mshould start without crashing
[22m[39m[TournamentRecurring] SNG creation failed: undefined
[TournamentRecurring] Spin creation failed: undefined

[90mstderr[2m | tests/unit/TournamentRecurringService.test.ts[2m > [22m[2mTournamentRecurringService[2m > [22m[2mstart / stop lifecycle[2m > [22m[2mshould start without crashing
[22m[39m[TournamentRecurring] Spin creation failed: undefined

[90mstderr[2m | tests/unit/TournamentRecurringService.test.ts[2m > [22m[2mTournamentRecurringService[2m > [22m[2mstart / stop lifecycle[2m > [22m[2mshould start without crashing
[22m[39m[TournamentRecurring] Spin creation failed: undefined

[90mstdout[2m | tests/unit/TournamentRecurringService.test.ts[2m > [22m[2mTournamentRecurringService[2m > [22m[2mstart / stop lifecycle[2m > [22m[2mshould not crash on double start
[22m[39m[TournamentRecurring] Service started — MTTs every 5 min, SNGs every 15 min, Spins every 10 min, XMTTs every 5 min
[TournamentRecurring] Already running

[90mstderr[2m | tests/unit/TournamentRecurringService.test.ts[2m > [22m[2mTournamentRecurringService[2m > [22m[2mstart / stop lifecycle[2m > [22m[2mshould not crash on double start
[22m[39m[RecurringService] Tournament creation attempt 1/3 failed: undefined
[TournamentRecurring] SNG creation failed: undefined
[TournamentRecurring] Spin creation failed: undefined

[90mstdout[2m | tests/unit/TournamentRecurringService.test.ts[2m > [22m[2mTournamentRecurringService[2m > [22m[2mstart / stop lifecycle[2m > [22m[2mshould not crash on double start
[22m[39m[TournamentRecurring] Stopped

[90mstderr[2m | tests/unit/TournamentRecurringService.test.ts[2m > [22m[2mTournamentRecurringService[2m > [22m[2mstart / stop lifecycle[2m > [22m[2mshould not crash on double start
[22m[39m[TournamentRecurring] SNG creation failed: undefined
[TournamentRecurring] Spin creation failed: undefined

[90mstderr[2m | tests/unit/TournamentRecurringService.test.ts[2m > [22m[2mTournamentRecurringService[2m > [22m[2mstart / stop lifecycle[2m > [22m[2mshould not crash on double start
[22m[39m[TournamentRecurring] SNG creation failed: undefined
[TournamentRecurring] Spin creation failed: undefined

[90mstderr[2m | tests/unit/TournamentRecurringService.test.ts[2m > [22m[2mTournamentRecurringService[2m > [22m[2mstart / stop lifecycle[2m > [22m[2mshould not crash on double start
[22m[39m[TournamentRecurring] Spin creation failed: undefined

[90mstderr[2m | tests/unit/TournamentRecurringService.test.ts[2m > [22m[2mTournamentRecurringService[2m > [22m[2mstart / stop lifecycle[2m > [22m[2mshould not crash on double start
[22m[39m[TournamentRecurring] Spin creation failed: undefined

[90mstdout[2m | tests/unit/TournamentRecurringService.test.ts[2m > [22m[2mTournamentRecurringService[2m > [22m[2mstart / stop lifecycle[2m > [22m[2mshould stop without crashing
[22m[39m[TournamentRecurring] Service started — MTTs every 5 min, SNGs every 15 min, Spins every 10 min, XMTTs every 5 min
[TournamentRecurring] Stopped

[90mstderr[2m | tests/unit/TournamentRecurringService.test.ts[2m > [22m[2mTournamentRecurringService[2m > [22m[2mstart / stop lifecycle[2m > [22m[2mshould stop without crashing
[22m[39m[RecurringService] Tournament creation attempt 1/3 failed: undefined
[TournamentRecurring] SNG creation failed: undefined
[TournamentRecurring] Spin creation failed: undefined

[90mstderr[2m | tests/unit/TournamentRecurringService.test.ts[2m > [22m[2mTournamentRecurringService[2m > [22m[2mstart / stop lifecycle[2m > [22m[2mshould stop without crashing
[22m[39m[TournamentRecurring] SNG creation failed: undefined
[TournamentRecurring] Spin creation failed: undefined

[90mstderr[2m | tests/unit/TournamentRecurringService.test.ts[2m > [22m[2mTournamentRecurringService[2m > [22m[2mstart / stop lifecycle[2m > [22m[2mshould stop without crashing
[22m[39m[TournamentRecurring] SNG creation failed: undefined
[TournamentRecurring] Spin creation failed: undefined

[90mstderr[2m | tests/unit/TournamentRecurringService.test.ts[2m > [22m[2mTournamentRecurringService[2m > [22m[2mstart / stop lifecycle[2m > [22m[2mshould stop without crashing
[22m[39m[TournamentRecurring] Spin creation failed: undefined

[90mstderr[2m | tests/unit/TournamentRecurringService.test.ts[2m > [22m[2mTournamentRecurringService[2m > [22m[2mstart / stop lifecycle[2m > [22m[2mshould stop without crashing
[22m[39m[TournamentRecurring] Spin creation failed: undefined

[90mstdout[2m | tests/unit/TournamentRecurringService.test.ts[2m > [22m[2mTournamentRecurringService[2m > [22m[2mstart / stop lifecycle[2m > [22m[2mshould be restartable after stop
[22m[39m[TournamentRecurring] Service started — MTTs every 5 min, SNGs every 15 min, Spins every 10 min, XMTTs every 5 min
[TournamentRecurring] Stopped
[TournamentRecurring] Service started — MTTs every 5 min, SNGs every 15 min, Spins every 10 min, XMTTs every 5 min
[TournamentRecurring] Stopped

[90mstderr[2m | tests/unit/TournamentRecurringService.test.ts[2m > [22m[2mTournamentRecurringService[2m > [22m[2mstart / stop lifecycle[2m > [22m[2mshould be restartable after stop
[22m[39m[RecurringService] Tournament creation attempt 1/3 failed: undefined
[TournamentRecurring] SNG creation failed: undefined
[TournamentRecurring] Spin creation failed: undefined
[RecurringService] Tournament creation attempt 1/3 failed: undefined
[TournamentRecurring] SNG creation failed: undefined
[TournamentRecurring] Spin creation failed: undefined

[90mstderr[2m | tests/unit/TournamentRecurringService.test.ts[2m > [22m[2mTournamentRecurringService[2m > [22m[2mstart / stop lifecycle[2m > [22m[2mshould be restartable after stop
[22m[39m[TournamentRecurring] SNG creation failed: undefined
[TournamentRecurring] Spin creation failed: undefined
[TournamentRecurring] SNG creation failed: undefined
[TournamentRecurring] Spin creation failed: undefined

[90mstderr[2m | tests/unit/TournamentRecurringService.test.ts[2m > [22m[2mTournamentRecurringService[2m > [22m[2mstart / stop lifecycle[2m > [22m[2mshould be restartable after stop
[22m[39m[TournamentRecurring] SNG creation failed: undefined
[TournamentRecurring] Spin creation failed: undefined
[TournamentRecurring] SNG creation failed: undefined
[TournamentRecurring] Spin creation failed: undefined

[90mstderr[2m | tests/unit/TournamentRecurringService.test.ts[2m > [22m[2mTournamentRecurringService[2m > [22m[2mstart / stop lifecycle[2m > [22m[2mshould be restartable after stop
[22m[39m[TournamentRecurring] Spin creation failed: undefined
[TournamentRecurring] Spin creation failed: undefined

[90mstderr[2m | tests/unit/TournamentRecurringService.test.ts[2m > [22m[2mTournamentRecurringService[2m > [22m[2mstart / stop lifecycle[2m > [22m[2mshould be restartable after stop
[22m[39m[TournamentRecurring] Spin creation failed: undefined
[TournamentRecurring] Spin creation failed: undefined

 [32m✓[39m tests/unit/TournamentRecurringService.test.ts [2m([22m[2m5 tests[22m[2m)[22m[32m 9[2mms[22m[39m
 [32m✓[39m tests/integration/tournament-engine-live.test.ts [2m([22m[2m114 tests[22m[2m)[22m[32m 10[2mms[22m[39m
 [32m✓[39m tests/engine/TableBalancer.test.ts [2m([22m[2m19 tests[22m[2m)[22m[32m 4[2mms[22m[39m
[90mstderr[2m | tests/unit/TournamentTimerService.test.ts[2m > [22m[2mTournamentTimerService[2m > [22m[2mtimer lifecycle[2m > [22m[2mshould not create duplicate timers
[22m[39m[TournamentTimer] Timer already running for t1

 [32m✓[39m tests/unit/TournamentService.test.ts [2m([22m[2m20 tests[22m[2m)[22m[32m 9[2mms[22m[39m
 [32m✓[39m tests/unit/TournamentTimerService.test.ts [2m([22m[2m15 tests[22m[2m)[22m[32m 6[2mms[22m[39m
 [32m✓[39m tests/unit/PayoutEngine.test.ts [2m([22m[2m25 tests[22m[2m)[22m[32m 5[2mms[22m[39m
 [32m✓[39m tests/unit/useTableTournament.test.ts [2m([22m[2m1 test[22m[2m)[22m[32m 2[2mms[22m[39m
 [32m✓[39m tests/engine/TournamentPayout.test.ts [2m([22m[2m12 tests[22m[2m)[22m[32m 3[2mms[22m[39m

[2m Test Files [22m [1m[32m9 passed[39m[22m[90m (9)[39m
[2m      Tests [22m [1m[32m269 passed[39m[22m[90m (269)[39m
[2m   Start at [22m 13:01:20
[2m   Duration [22m 15.20s[2m (transform 710ms, setup 4.74s, import 783ms, tests 56ms, environment 36.62s)[22m

