# P12.3 PIN run: live Phase 12 worker actions on the unmodified base
# base: 4fe703f808991343500ef339ff86198ca3c283a0 (P12.1 merged with P12.2, and the selection-guard integration fix), before any P12.3 change; a git archive copy of that commit
# harness: the TEMP describe block in p12-3-pin-base.test.ts.txt, appended to server/src/engine/horseDecision/workerRuntime.test.ts in that copy
# command: cd server && npx vitest run src/engine/horseDecision/workerRuntime.test.ts -t 'TEMP P12.3 PIN'
# one line per state, seed and arm (packOff: the pack turned off by the caller, the reference)

{"variant":"short_deck","format":"cash","street":"preflop","seats":2,"seed":10301204,"packOff":false,"workerMode":null,"action":"raise","amount":5,"receipt":{"mode":"shadow","reason":"preflop_entry","eligible":true,"changed":false,"applied":false,"owner":"cash","base":["raise",5],"prop":["raise",5]}}
{"variant":"short_deck","format":"cash","street":"preflop","seats":2,"seed":10301204,"packOff":true,"workerMode":"off","action":"raise","amount":5,"receipt":null}
{"variant":"short_deck","format":"cash","street":"preflop","seats":2,"seed":4040,"packOff":false,"workerMode":null,"action":"raise","amount":4,"receipt":{"mode":"shadow","reason":"preflop_entry","eligible":true,"changed":true,"applied":false,"owner":"cash","base":["raise",4],"prop":["raise",5]}}
{"variant":"short_deck","format":"cash","street":"preflop","seats":2,"seed":4040,"packOff":true,"workerMode":"off","action":"raise","amount":4,"receipt":null}
{"variant":"short_deck","format":"cash","street":"preflop","seats":2,"seed":100101,"packOff":false,"workerMode":null,"action":"raise","amount":4,"receipt":{"mode":"shadow","reason":"preflop_entry","eligible":true,"changed":true,"applied":false,"owner":"cash","base":["raise",4],"prop":["raise",5]}}
{"variant":"short_deck","format":"cash","street":"preflop","seats":2,"seed":100101,"packOff":true,"workerMode":"off","action":"raise","amount":4,"receipt":null}
{"variant":"short_deck","format":"cash","street":"preflop","seats":3,"seed":10301204,"packOff":false,"workerMode":null,"action":"raise","amount":4,"receipt":{"mode":"shadow","reason":"preflop_entry","eligible":true,"changed":true,"applied":false,"owner":"cash","base":["raise",4],"prop":["raise",5]}}
{"variant":"short_deck","format":"cash","street":"preflop","seats":3,"seed":10301204,"packOff":true,"workerMode":"off","action":"raise","amount":4,"receipt":null}
{"variant":"short_deck","format":"cash","street":"preflop","seats":3,"seed":4040,"packOff":false,"workerMode":null,"action":"raise","amount":4,"receipt":{"mode":"shadow","reason":"preflop_entry","eligible":true,"changed":true,"applied":false,"owner":"cash","base":["raise",4],"prop":["raise",5]}}
{"variant":"short_deck","format":"cash","street":"preflop","seats":3,"seed":4040,"packOff":true,"workerMode":"off","action":"raise","amount":4,"receipt":null}
{"variant":"short_deck","format":"cash","street":"preflop","seats":3,"seed":100101,"packOff":false,"workerMode":null,"action":"raise","amount":4,"receipt":{"mode":"shadow","reason":"preflop_entry","eligible":true,"changed":true,"applied":false,"owner":"cash","base":["raise",4],"prop":["raise",5]}}
{"variant":"short_deck","format":"cash","street":"preflop","seats":3,"seed":100101,"packOff":true,"workerMode":"off","action":"raise","amount":4,"receipt":null}
{"variant":"short_deck","format":"cash","street":"flop","seats":2,"seed":10301204,"packOff":false,"workerMode":null,"action":"call","amount":20,"receipt":{"mode":"shadow","reason":"variant_price_call","eligible":true,"changed":false,"applied":false,"owner":"cash","base":["call",20],"prop":["call",20]}}
{"variant":"short_deck","format":"cash","street":"flop","seats":2,"seed":10301204,"packOff":true,"workerMode":"off","action":"call","amount":20,"receipt":null}
{"variant":"short_deck","format":"cash","street":"flop","seats":2,"seed":4040,"packOff":false,"workerMode":null,"action":"call","amount":20,"receipt":{"mode":"shadow","reason":"variant_price_call","eligible":true,"changed":false,"applied":false,"owner":"cash","base":["call",20],"prop":["call",20]}}
{"variant":"short_deck","format":"cash","street":"flop","seats":2,"seed":4040,"packOff":true,"workerMode":"off","action":"call","amount":20,"receipt":null}
{"variant":"short_deck","format":"cash","street":"flop","seats":2,"seed":100101,"packOff":false,"workerMode":null,"action":"raise","amount":100,"receipt":{"mode":"shadow","reason":"variant_price_call","eligible":true,"changed":true,"applied":false,"owner":"cash","base":["raise",100],"prop":["call",20]}}
{"variant":"short_deck","format":"cash","street":"flop","seats":2,"seed":100101,"packOff":true,"workerMode":"off","action":"raise","amount":100,"receipt":null}
{"variant":"short_deck","format":"cash","street":"flop","seats":3,"seed":10301204,"packOff":false,"workerMode":null,"action":"call","amount":20,"receipt":{"mode":"shadow","reason":"variant_price_call","eligible":true,"changed":false,"applied":false,"owner":"cash","base":["call",20],"prop":["call",20]}}
{"variant":"short_deck","format":"cash","street":"flop","seats":3,"seed":10301204,"packOff":true,"workerMode":"off","action":"call","amount":20,"receipt":null}
{"variant":"short_deck","format":"cash","street":"flop","seats":3,"seed":4040,"packOff":false,"workerMode":null,"action":"call","amount":20,"receipt":{"mode":"shadow","reason":"variant_price_call","eligible":true,"changed":false,"applied":false,"owner":"cash","base":["call",20],"prop":["call",20]}}
{"variant":"short_deck","format":"cash","street":"flop","seats":3,"seed":4040,"packOff":true,"workerMode":"off","action":"call","amount":20,"receipt":null}
{"variant":"short_deck","format":"cash","street":"flop","seats":3,"seed":100101,"packOff":false,"workerMode":null,"action":"raise","amount":100,"receipt":{"mode":"shadow","reason":"variant_price_call","eligible":true,"changed":true,"applied":false,"owner":"cash","base":["raise",100],"prop":["call",20]}}
{"variant":"short_deck","format":"cash","street":"flop","seats":3,"seed":100101,"packOff":true,"workerMode":"off","action":"raise","amount":100,"receipt":null}
{"variant":"short_deck","format":"cash","street":"turn","seats":2,"seed":10301204,"packOff":false,"workerMode":null,"action":"call","amount":20,"receipt":{"mode":"shadow","reason":"variant_price_call","eligible":true,"changed":false,"applied":false,"owner":"cash","base":["call",20],"prop":["call",20]}}
{"variant":"short_deck","format":"cash","street":"turn","seats":2,"seed":10301204,"packOff":true,"workerMode":"off","action":"call","amount":20,"receipt":null}
{"variant":"short_deck","format":"cash","street":"turn","seats":2,"seed":4040,"packOff":false,"workerMode":null,"action":"call","amount":20,"receipt":{"mode":"shadow","reason":"variant_price_call","eligible":true,"changed":false,"applied":false,"owner":"cash","base":["call",20],"prop":["call",20]}}
{"variant":"short_deck","format":"cash","street":"turn","seats":2,"seed":4040,"packOff":true,"workerMode":"off","action":"call","amount":20,"receipt":null}
{"variant":"short_deck","format":"cash","street":"turn","seats":2,"seed":100101,"packOff":false,"workerMode":null,"action":"call","amount":20,"receipt":{"mode":"shadow","reason":"variant_price_call","eligible":true,"changed":false,"applied":false,"owner":"cash","base":["call",20],"prop":["call",20]}}
{"variant":"short_deck","format":"cash","street":"turn","seats":2,"seed":100101,"packOff":true,"workerMode":"off","action":"call","amount":20,"receipt":null}
{"variant":"short_deck","format":"cash","street":"turn","seats":3,"seed":10301204,"packOff":false,"workerMode":null,"action":"call","amount":20,"receipt":{"mode":"shadow","reason":"variant_price_call","eligible":true,"changed":false,"applied":false,"owner":"cash","base":["call",20],"prop":["call",20]}}
{"variant":"short_deck","format":"cash","street":"turn","seats":3,"seed":10301204,"packOff":true,"workerMode":"off","action":"call","amount":20,"receipt":null}
{"variant":"short_deck","format":"cash","street":"turn","seats":3,"seed":4040,"packOff":false,"workerMode":null,"action":"call","amount":20,"receipt":{"mode":"shadow","reason":"variant_price_call","eligible":true,"changed":false,"applied":false,"owner":"cash","base":["call",20],"prop":["call",20]}}
{"variant":"short_deck","format":"cash","street":"turn","seats":3,"seed":4040,"packOff":true,"workerMode":"off","action":"call","amount":20,"receipt":null}
{"variant":"short_deck","format":"cash","street":"turn","seats":3,"seed":100101,"packOff":false,"workerMode":null,"action":"call","amount":20,"receipt":{"mode":"shadow","reason":"variant_price_call","eligible":true,"changed":false,"applied":false,"owner":"cash","base":["call",20],"prop":["call",20]}}
{"variant":"short_deck","format":"cash","street":"turn","seats":3,"seed":100101,"packOff":true,"workerMode":"off","action":"call","amount":20,"receipt":null}
{"variant":"short_deck","format":"cash","street":"river","seats":2,"seed":10301204,"packOff":false,"workerMode":null,"action":"call","amount":20,"receipt":{"mode":"shadow","reason":"variant_price_call","eligible":true,"changed":false,"applied":false,"owner":"cash","base":["call",20],"prop":["call",20]}}
{"variant":"short_deck","format":"cash","street":"river","seats":2,"seed":10301204,"packOff":true,"workerMode":"off","action":"call","amount":20,"receipt":null}
{"variant":"short_deck","format":"cash","street":"river","seats":2,"seed":4040,"packOff":false,"workerMode":null,"action":"call","amount":20,"receipt":{"mode":"shadow","reason":"variant_price_call","eligible":true,"changed":false,"applied":false,"owner":"cash","base":["call",20],"prop":["call",20]}}
{"variant":"short_deck","format":"cash","street":"river","seats":2,"seed":4040,"packOff":true,"workerMode":"off","action":"call","amount":20,"receipt":null}
{"variant":"short_deck","format":"cash","street":"river","seats":2,"seed":100101,"packOff":false,"workerMode":null,"action":"call","amount":20,"receipt":{"mode":"shadow","reason":"variant_price_call","eligible":true,"changed":false,"applied":false,"owner":"cash","base":["call",20],"prop":["call",20]}}
{"variant":"short_deck","format":"cash","street":"river","seats":2,"seed":100101,"packOff":true,"workerMode":"off","action":"call","amount":20,"receipt":null}
{"variant":"short_deck","format":"cash","street":"river","seats":3,"seed":10301204,"packOff":false,"workerMode":null,"action":"call","amount":20,"receipt":{"mode":"shadow","reason":"variant_price_call","eligible":true,"changed":false,"applied":false,"owner":"cash","base":["call",20],"prop":["call",20]}}
{"variant":"short_deck","format":"cash","street":"river","seats":3,"seed":10301204,"packOff":true,"workerMode":"off","action":"call","amount":20,"receipt":null}
{"variant":"short_deck","format":"cash","street":"river","seats":3,"seed":4040,"packOff":false,"workerMode":null,"action":"call","amount":20,"receipt":{"mode":"shadow","reason":"variant_price_call","eligible":true,"changed":false,"applied":false,"owner":"cash","base":["call",20],"prop":["call",20]}}
{"variant":"short_deck","format":"cash","street":"river","seats":3,"seed":4040,"packOff":true,"workerMode":"off","action":"call","amount":20,"receipt":null}
{"variant":"short_deck","format":"cash","street":"river","seats":3,"seed":100101,"packOff":false,"workerMode":null,"action":"call","amount":20,"receipt":{"mode":"shadow","reason":"variant_price_call","eligible":true,"changed":false,"applied":false,"owner":"cash","base":["call",20],"prop":["call",20]}}
{"variant":"short_deck","format":"cash","street":"river","seats":3,"seed":100101,"packOff":true,"workerMode":"off","action":"call","amount":20,"receipt":null}
{"variant":"short_deck","format":"tournament","street":"preflop","seats":2,"seed":10301204,"packOff":false,"workerMode":null,"action":"raise","amount":5,"receipt":{"mode":"shadow","reason":"preflop_entry","eligible":true,"changed":false,"applied":false,"owner":"phase7_evaluated","base":["raise",5],"prop":["raise",5]}}
{"variant":"short_deck","format":"tournament","street":"preflop","seats":2,"seed":10301204,"packOff":true,"workerMode":"off","action":"raise","amount":5,"receipt":null}
{"variant":"short_deck","format":"tournament","street":"preflop","seats":2,"seed":4040,"packOff":false,"workerMode":null,"action":"raise","amount":5,"receipt":{"mode":"shadow","reason":"preflop_entry","eligible":true,"changed":false,"applied":false,"owner":"phase7_evaluated","base":["raise",5],"prop":["raise",5]}}
{"variant":"short_deck","format":"tournament","street":"preflop","seats":2,"seed":4040,"packOff":true,"workerMode":"off","action":"raise","amount":5,"receipt":null}
{"variant":"short_deck","format":"tournament","street":"preflop","seats":2,"seed":100101,"packOff":false,"workerMode":null,"action":"raise","amount":5,"receipt":{"mode":"shadow","reason":"preflop_entry","eligible":true,"changed":false,"applied":false,"owner":"phase7_evaluated","base":["raise",5],"prop":["raise",5]}}
{"variant":"short_deck","format":"tournament","street":"preflop","seats":2,"seed":100101,"packOff":true,"workerMode":"off","action":"raise","amount":5,"receipt":null}
{"variant":"short_deck","format":"tournament","street":"preflop","seats":3,"seed":10301204,"packOff":false,"workerMode":null,"action":"raise","amount":5,"receipt":{"mode":"shadow","reason":"preflop_entry","eligible":true,"changed":false,"applied":false,"owner":"phase7_evaluated","base":["raise",5],"prop":["raise",5]}}
{"variant":"short_deck","format":"tournament","street":"preflop","seats":3,"seed":10301204,"packOff":true,"workerMode":"off","action":"raise","amount":5,"receipt":null}
{"variant":"short_deck","format":"tournament","street":"preflop","seats":3,"seed":4040,"packOff":false,"workerMode":null,"action":"raise","amount":4,"receipt":{"mode":"shadow","reason":"preflop_entry","eligible":true,"changed":true,"applied":false,"owner":"phase7_evaluated","base":["raise",4],"prop":["raise",5]}}
{"variant":"short_deck","format":"tournament","street":"preflop","seats":3,"seed":4040,"packOff":true,"workerMode":"off","action":"raise","amount":4,"receipt":null}
{"variant":"short_deck","format":"tournament","street":"preflop","seats":3,"seed":100101,"packOff":false,"workerMode":null,"action":"raise","amount":4,"receipt":{"mode":"shadow","reason":"preflop_entry","eligible":true,"changed":true,"applied":false,"owner":"phase7_evaluated","base":["raise",4],"prop":["raise",5]}}
{"variant":"short_deck","format":"tournament","street":"preflop","seats":3,"seed":100101,"packOff":true,"workerMode":"off","action":"raise","amount":4,"receipt":null}
{"variant":"short_deck","format":"tournament","street":"flop","seats":2,"seed":10301204,"packOff":false,"workerMode":null,"action":"call","amount":20,"receipt":{"mode":"shadow","reason":"variant_price_call","eligible":true,"changed":false,"applied":false,"owner":"phase7_evaluated","base":["call",20],"prop":["call",20]}}
{"variant":"short_deck","format":"tournament","street":"flop","seats":2,"seed":10301204,"packOff":true,"workerMode":"off","action":"call","amount":20,"receipt":null}
{"variant":"short_deck","format":"tournament","street":"flop","seats":2,"seed":4040,"packOff":false,"workerMode":null,"action":"call","amount":20,"receipt":{"mode":"shadow","reason":"variant_price_call","eligible":true,"changed":false,"applied":false,"owner":"phase7_evaluated","base":["call",20],"prop":["call",20]}}
{"variant":"short_deck","format":"tournament","street":"flop","seats":2,"seed":4040,"packOff":true,"workerMode":"off","action":"call","amount":20,"receipt":null}
{"variant":"short_deck","format":"tournament","street":"flop","seats":2,"seed":100101,"packOff":false,"workerMode":null,"action":"raise","amount":100,"receipt":{"mode":"shadow","reason":"variant_price_call","eligible":true,"changed":true,"applied":false,"owner":"phase7_evaluated","base":["raise",100],"prop":["call",20]}}
{"variant":"short_deck","format":"tournament","street":"flop","seats":2,"seed":100101,"packOff":true,"workerMode":"off","action":"raise","amount":100,"receipt":null}
{"variant":"short_deck","format":"tournament","street":"flop","seats":3,"seed":10301204,"packOff":false,"workerMode":null,"action":"call","amount":20,"receipt":{"mode":"shadow","reason":"variant_price_call","eligible":true,"changed":false,"applied":false,"owner":"phase7_evaluated","base":["call",20],"prop":["call",20]}}
{"variant":"short_deck","format":"tournament","street":"flop","seats":3,"seed":10301204,"packOff":true,"workerMode":"off","action":"call","amount":20,"receipt":null}
{"variant":"short_deck","format":"tournament","street":"flop","seats":3,"seed":4040,"packOff":false,"workerMode":null,"action":"call","amount":20,"receipt":{"mode":"shadow","reason":"variant_price_call","eligible":true,"changed":false,"applied":false,"owner":"phase7_evaluated","base":["call",20],"prop":["call",20]}}
{"variant":"short_deck","format":"tournament","street":"flop","seats":3,"seed":4040,"packOff":true,"workerMode":"off","action":"call","amount":20,"receipt":null}
{"variant":"short_deck","format":"tournament","street":"flop","seats":3,"seed":100101,"packOff":false,"workerMode":null,"action":"raise","amount":100,"receipt":{"mode":"shadow","reason":"variant_price_call","eligible":true,"changed":true,"applied":false,"owner":"phase7_evaluated","base":["raise",100],"prop":["call",20]}}
{"variant":"short_deck","format":"tournament","street":"flop","seats":3,"seed":100101,"packOff":true,"workerMode":"off","action":"raise","amount":100,"receipt":null}
{"variant":"short_deck","format":"tournament","street":"turn","seats":2,"seed":10301204,"packOff":false,"workerMode":null,"action":"call","amount":20,"receipt":{"mode":"shadow","reason":"variant_price_call","eligible":true,"changed":false,"applied":false,"owner":"phase7_evaluated","base":["call",20],"prop":["call",20]}}
{"variant":"short_deck","format":"tournament","street":"turn","seats":2,"seed":10301204,"packOff":true,"workerMode":"off","action":"call","amount":20,"receipt":null}
{"variant":"short_deck","format":"tournament","street":"turn","seats":2,"seed":4040,"packOff":false,"workerMode":null,"action":"call","amount":20,"receipt":{"mode":"shadow","reason":"variant_price_call","eligible":true,"changed":false,"applied":false,"owner":"phase7_evaluated","base":["call",20],"prop":["call",20]}}
{"variant":"short_deck","format":"tournament","street":"turn","seats":2,"seed":4040,"packOff":true,"workerMode":"off","action":"call","amount":20,"receipt":null}
{"variant":"short_deck","format":"tournament","street":"turn","seats":2,"seed":100101,"packOff":false,"workerMode":null,"action":"call","amount":20,"receipt":{"mode":"shadow","reason":"variant_price_call","eligible":true,"changed":false,"applied":false,"owner":"phase7_evaluated","base":["call",20],"prop":["call",20]}}
{"variant":"short_deck","format":"tournament","street":"turn","seats":2,"seed":100101,"packOff":true,"workerMode":"off","action":"call","amount":20,"receipt":null}
{"variant":"short_deck","format":"tournament","street":"turn","seats":3,"seed":10301204,"packOff":false,"workerMode":null,"action":"call","amount":20,"receipt":{"mode":"shadow","reason":"variant_price_call","eligible":true,"changed":false,"applied":false,"owner":"phase7_evaluated","base":["call",20],"prop":["call",20]}}
{"variant":"short_deck","format":"tournament","street":"turn","seats":3,"seed":10301204,"packOff":true,"workerMode":"off","action":"call","amount":20,"receipt":null}
{"variant":"short_deck","format":"tournament","street":"turn","seats":3,"seed":4040,"packOff":false,"workerMode":null,"action":"call","amount":20,"receipt":{"mode":"shadow","reason":"variant_price_call","eligible":true,"changed":false,"applied":false,"owner":"phase7_evaluated","base":["call",20],"prop":["call",20]}}
{"variant":"short_deck","format":"tournament","street":"turn","seats":3,"seed":4040,"packOff":true,"workerMode":"off","action":"call","amount":20,"receipt":null}
{"variant":"short_deck","format":"tournament","street":"turn","seats":3,"seed":100101,"packOff":false,"workerMode":null,"action":"call","amount":20,"receipt":{"mode":"shadow","reason":"variant_price_call","eligible":true,"changed":false,"applied":false,"owner":"phase7_evaluated","base":["call",20],"prop":["call",20]}}
{"variant":"short_deck","format":"tournament","street":"turn","seats":3,"seed":100101,"packOff":true,"workerMode":"off","action":"call","amount":20,"receipt":null}
{"variant":"short_deck","format":"tournament","street":"river","seats":2,"seed":10301204,"packOff":false,"workerMode":null,"action":"call","amount":20,"receipt":{"mode":"shadow","reason":"variant_price_call","eligible":true,"changed":false,"applied":false,"owner":"phase7_evaluated","base":["call",20],"prop":["call",20]}}
{"variant":"short_deck","format":"tournament","street":"river","seats":2,"seed":10301204,"packOff":true,"workerMode":"off","action":"call","amount":20,"receipt":null}
{"variant":"short_deck","format":"tournament","street":"river","seats":2,"seed":4040,"packOff":false,"workerMode":null,"action":"call","amount":20,"receipt":{"mode":"shadow","reason":"variant_price_call","eligible":true,"changed":false,"applied":false,"owner":"phase7_evaluated","base":["call",20],"prop":["call",20]}}
{"variant":"short_deck","format":"tournament","street":"river","seats":2,"seed":4040,"packOff":true,"workerMode":"off","action":"call","amount":20,"receipt":null}
{"variant":"short_deck","format":"tournament","street":"river","seats":2,"seed":100101,"packOff":false,"workerMode":null,"action":"call","amount":20,"receipt":{"mode":"shadow","reason":"variant_price_call","eligible":true,"changed":false,"applied":false,"owner":"phase7_evaluated","base":["call",20],"prop":["call",20]}}
{"variant":"short_deck","format":"tournament","street":"river","seats":2,"seed":100101,"packOff":true,"workerMode":"off","action":"call","amount":20,"receipt":null}
{"variant":"short_deck","format":"tournament","street":"river","seats":3,"seed":10301204,"packOff":false,"workerMode":null,"action":"call","amount":20,"receipt":{"mode":"shadow","reason":"variant_price_call","eligible":true,"changed":false,"applied":false,"owner":"phase7_evaluated","base":["call",20],"prop":["call",20]}}
{"variant":"short_deck","format":"tournament","street":"river","seats":3,"seed":10301204,"packOff":true,"workerMode":"off","action":"call","amount":20,"receipt":null}
{"variant":"short_deck","format":"tournament","street":"river","seats":3,"seed":4040,"packOff":false,"workerMode":null,"action":"call","amount":20,"receipt":{"mode":"shadow","reason":"variant_price_call","eligible":true,"changed":false,"applied":false,"owner":"phase7_evaluated","base":["call",20],"prop":["call",20]}}
{"variant":"short_deck","format":"tournament","street":"river","seats":3,"seed":4040,"packOff":true,"workerMode":"off","action":"call","amount":20,"receipt":null}
{"variant":"short_deck","format":"tournament","street":"river","seats":3,"seed":100101,"packOff":false,"workerMode":null,"action":"call","amount":20,"receipt":{"mode":"shadow","reason":"variant_price_call","eligible":true,"changed":false,"applied":false,"owner":"phase7_evaluated","base":["call",20],"prop":["call",20]}}
{"variant":"short_deck","format":"tournament","street":"river","seats":3,"seed":100101,"packOff":true,"workerMode":"off","action":"call","amount":20,"receipt":null}
{"variant":"pineapple","format":"cash","street":"preflop","seats":2,"seed":10301204,"packOff":false,"workerMode":null,"action":"raise","amount":5,"receipt":{"mode":"shadow","reason":"preflop_entry","eligible":true,"changed":false,"applied":false,"owner":"cash","base":["raise",5],"prop":["raise",5]}}
{"variant":"pineapple","format":"cash","street":"preflop","seats":2,"seed":10301204,"packOff":true,"workerMode":"off","action":"raise","amount":5,"receipt":null}
{"variant":"pineapple","format":"cash","street":"preflop","seats":2,"seed":4040,"packOff":false,"workerMode":null,"action":"raise","amount":4,"receipt":{"mode":"shadow","reason":"preflop_entry","eligible":true,"changed":true,"applied":false,"owner":"cash","base":["raise",4],"prop":["raise",5]}}
{"variant":"pineapple","format":"cash","street":"preflop","seats":2,"seed":4040,"packOff":true,"workerMode":"off","action":"raise","amount":4,"receipt":null}
{"variant":"pineapple","format":"cash","street":"preflop","seats":2,"seed":100101,"packOff":false,"workerMode":null,"action":"raise","amount":4,"receipt":{"mode":"shadow","reason":"preflop_entry","eligible":true,"changed":true,"applied":false,"owner":"cash","base":["raise",4],"prop":["raise",5]}}
{"variant":"pineapple","format":"cash","street":"preflop","seats":2,"seed":100101,"packOff":true,"workerMode":"off","action":"raise","amount":4,"receipt":null}
{"variant":"pineapple","format":"cash","street":"preflop","seats":3,"seed":10301204,"packOff":false,"workerMode":null,"action":"raise","amount":4,"receipt":{"mode":"shadow","reason":"preflop_entry","eligible":true,"changed":true,"applied":false,"owner":"cash","base":["raise",4],"prop":["raise",5]}}
{"variant":"pineapple","format":"cash","street":"preflop","seats":3,"seed":10301204,"packOff":true,"workerMode":"off","action":"raise","amount":4,"receipt":null}
{"variant":"pineapple","format":"cash","street":"preflop","seats":3,"seed":4040,"packOff":false,"workerMode":null,"action":"raise","amount":4,"receipt":{"mode":"shadow","reason":"preflop_entry","eligible":true,"changed":true,"applied":false,"owner":"cash","base":["raise",4],"prop":["raise",5]}}
{"variant":"pineapple","format":"cash","street":"preflop","seats":3,"seed":4040,"packOff":true,"workerMode":"off","action":"raise","amount":4,"receipt":null}
{"variant":"pineapple","format":"cash","street":"preflop","seats":3,"seed":100101,"packOff":false,"workerMode":null,"action":"raise","amount":4,"receipt":{"mode":"shadow","reason":"preflop_entry","eligible":true,"changed":true,"applied":false,"owner":"cash","base":["raise",4],"prop":["raise",5]}}
{"variant":"pineapple","format":"cash","street":"preflop","seats":3,"seed":100101,"packOff":true,"workerMode":"off","action":"raise","amount":4,"receipt":null}
{"variant":"pineapple","format":"cash","street":"flop","seats":2,"seed":10301204,"packOff":false,"workerMode":null,"action":"call","amount":20,"receipt":{"mode":"shadow","reason":"variant_price_call","eligible":true,"changed":false,"applied":false,"owner":"cash","base":["call",20],"prop":["call",20]}}
{"variant":"pineapple","format":"cash","street":"flop","seats":2,"seed":10301204,"packOff":true,"workerMode":"off","action":"call","amount":20,"receipt":null}
{"variant":"pineapple","format":"cash","street":"flop","seats":2,"seed":4040,"packOff":false,"workerMode":null,"action":"raise","amount":84,"receipt":{"mode":"shadow","reason":"variant_price_call","eligible":true,"changed":true,"applied":false,"owner":"cash","base":["raise",84],"prop":["call",20]}}
{"variant":"pineapple","format":"cash","street":"flop","seats":2,"seed":4040,"packOff":true,"workerMode":"off","action":"raise","amount":84,"receipt":null}
{"variant":"pineapple","format":"cash","street":"flop","seats":2,"seed":100101,"packOff":false,"workerMode":null,"action":"raise","amount":100,"receipt":{"mode":"shadow","reason":"variant_price_call","eligible":true,"changed":true,"applied":false,"owner":"cash","base":["raise",100],"prop":["call",20]}}
{"variant":"pineapple","format":"cash","street":"flop","seats":2,"seed":100101,"packOff":true,"workerMode":"off","action":"raise","amount":100,"receipt":null}
{"variant":"pineapple","format":"cash","street":"flop","seats":3,"seed":10301204,"packOff":false,"workerMode":null,"action":"call","amount":20,"receipt":{"mode":"shadow","reason":"variant_price_call","eligible":true,"changed":false,"applied":false,"owner":"cash","base":["call",20],"prop":["call",20]}}
{"variant":"pineapple","format":"cash","street":"flop","seats":3,"seed":10301204,"packOff":true,"workerMode":"off","action":"call","amount":20,"receipt":null}
{"variant":"pineapple","format":"cash","street":"flop","seats":3,"seed":4040,"packOff":false,"workerMode":null,"action":"call","amount":20,"receipt":{"mode":"shadow","reason":"variant_price_call","eligible":true,"changed":false,"applied":false,"owner":"cash","base":["call",20],"prop":["call",20]}}
{"variant":"pineapple","format":"cash","street":"flop","seats":3,"seed":4040,"packOff":true,"workerMode":"off","action":"call","amount":20,"receipt":null}
{"variant":"pineapple","format":"cash","street":"flop","seats":3,"seed":100101,"packOff":false,"workerMode":null,"action":"call","amount":20,"receipt":{"mode":"shadow","reason":"variant_price_call","eligible":true,"changed":false,"applied":false,"owner":"cash","base":["call",20],"prop":["call",20]}}
{"variant":"pineapple","format":"cash","street":"flop","seats":3,"seed":100101,"packOff":true,"workerMode":"off","action":"call","amount":20,"receipt":null}
{"variant":"pineapple","format":"cash","street":"turn","seats":2,"seed":10301204,"packOff":false,"workerMode":null,"action":"raise","amount":80,"receipt":{"mode":"shadow","reason":"variant_price_call","eligible":true,"changed":true,"applied":false,"owner":"cash","base":["raise",80],"prop":["call",20]}}
{"variant":"pineapple","format":"cash","street":"turn","seats":2,"seed":10301204,"packOff":true,"workerMode":"off","action":"raise","amount":80,"receipt":null}
{"variant":"pineapple","format":"cash","street":"turn","seats":2,"seed":4040,"packOff":false,"workerMode":null,"action":"raise","amount":79,"receipt":{"mode":"shadow","reason":"variant_price_call","eligible":true,"changed":true,"applied":false,"owner":"cash","base":["raise",79],"prop":["call",20]}}
{"variant":"pineapple","format":"cash","street":"turn","seats":2,"seed":4040,"packOff":true,"workerMode":"off","action":"raise","amount":79,"receipt":null}
{"variant":"pineapple","format":"cash","street":"turn","seats":2,"seed":100101,"packOff":false,"workerMode":null,"action":"raise","amount":100,"receipt":{"mode":"shadow","reason":"variant_price_call","eligible":true,"changed":true,"applied":false,"owner":"cash","base":["raise",100],"prop":["call",20]}}
{"variant":"pineapple","format":"cash","street":"turn","seats":2,"seed":100101,"packOff":true,"workerMode":"off","action":"raise","amount":100,"receipt":null}
{"variant":"pineapple","format":"cash","street":"turn","seats":3,"seed":10301204,"packOff":false,"workerMode":null,"action":"call","amount":20,"receipt":{"mode":"shadow","reason":"variant_price_call","eligible":true,"changed":false,"applied":false,"owner":"cash","base":["call",20],"prop":["call",20]}}
{"variant":"pineapple","format":"cash","street":"turn","seats":3,"seed":10301204,"packOff":true,"workerMode":"off","action":"call","amount":20,"receipt":null}
{"variant":"pineapple","format":"cash","street":"turn","seats":3,"seed":4040,"packOff":false,"workerMode":null,"action":"raise","amount":100,"receipt":{"mode":"shadow","reason":"variant_price_call","eligible":true,"changed":true,"applied":false,"owner":"cash","base":["raise",100],"prop":["call",20]}}
{"variant":"pineapple","format":"cash","street":"turn","seats":3,"seed":4040,"packOff":true,"workerMode":"off","action":"raise","amount":100,"receipt":null}
{"variant":"pineapple","format":"cash","street":"turn","seats":3,"seed":100101,"packOff":false,"workerMode":null,"action":"raise","amount":90,"receipt":{"mode":"shadow","reason":"variant_price_call","eligible":true,"changed":true,"applied":false,"owner":"cash","base":["raise",90],"prop":["call",20]}}
{"variant":"pineapple","format":"cash","street":"turn","seats":3,"seed":100101,"packOff":true,"workerMode":"off","action":"raise","amount":90,"receipt":null}
{"variant":"pineapple","format":"cash","street":"river","seats":2,"seed":10301204,"packOff":false,"workerMode":null,"action":"raise","amount":100,"receipt":{"mode":"shadow","reason":"variant_price_call","eligible":true,"changed":true,"applied":false,"owner":"cash","base":["raise",100],"prop":["call",20]}}
{"variant":"pineapple","format":"cash","street":"river","seats":2,"seed":10301204,"packOff":true,"workerMode":"off","action":"raise","amount":100,"receipt":null}
{"variant":"pineapple","format":"cash","street":"river","seats":2,"seed":4040,"packOff":false,"workerMode":null,"action":"raise","amount":81,"receipt":{"mode":"shadow","reason":"variant_price_call","eligible":true,"changed":true,"applied":false,"owner":"cash","base":["raise",81],"prop":["call",20]}}
{"variant":"pineapple","format":"cash","street":"river","seats":2,"seed":4040,"packOff":true,"workerMode":"off","action":"raise","amount":81,"receipt":null}
{"variant":"pineapple","format":"cash","street":"river","seats":2,"seed":100101,"packOff":false,"workerMode":null,"action":"call","amount":20,"receipt":{"mode":"shadow","reason":"variant_price_call","eligible":true,"changed":false,"applied":false,"owner":"cash","base":["call",20],"prop":["call",20]}}
{"variant":"pineapple","format":"cash","street":"river","seats":2,"seed":100101,"packOff":true,"workerMode":"off","action":"call","amount":20,"receipt":null}
{"variant":"pineapple","format":"cash","street":"river","seats":3,"seed":10301204,"packOff":false,"workerMode":null,"action":"call","amount":20,"receipt":{"mode":"shadow","reason":"variant_price_call","eligible":true,"changed":false,"applied":false,"owner":"cash","base":["call",20],"prop":["call",20]}}
{"variant":"pineapple","format":"cash","street":"river","seats":3,"seed":10301204,"packOff":true,"workerMode":"off","action":"call","amount":20,"receipt":null}
{"variant":"pineapple","format":"cash","street":"river","seats":3,"seed":4040,"packOff":false,"workerMode":null,"action":"raise","amount":100,"receipt":{"mode":"shadow","reason":"variant_price_call","eligible":true,"changed":true,"applied":false,"owner":"cash","base":["raise",100],"prop":["call",20]}}
{"variant":"pineapple","format":"cash","street":"river","seats":3,"seed":4040,"packOff":true,"workerMode":"off","action":"raise","amount":100,"receipt":null}
{"variant":"pineapple","format":"cash","street":"river","seats":3,"seed":100101,"packOff":false,"workerMode":null,"action":"raise","amount":100,"receipt":{"mode":"shadow","reason":"variant_price_call","eligible":true,"changed":true,"applied":false,"owner":"cash","base":["raise",100],"prop":["call",20]}}
{"variant":"pineapple","format":"cash","street":"river","seats":3,"seed":100101,"packOff":true,"workerMode":"off","action":"raise","amount":100,"receipt":null}
{"variant":"pineapple","format":"tournament","street":"preflop","seats":2,"seed":10301204,"packOff":false,"workerMode":null,"action":"raise","amount":5,"receipt":{"mode":"shadow","reason":"pineapple_tournament_unapproved","eligible":false,"changed":false,"applied":false,"owner":"phase7_evaluated","base":["raise",5],"prop":["raise",5]}}
{"variant":"pineapple","format":"tournament","street":"preflop","seats":2,"seed":10301204,"packOff":true,"workerMode":"off","action":"raise","amount":5,"receipt":null}
{"variant":"pineapple","format":"tournament","street":"preflop","seats":2,"seed":4040,"packOff":false,"workerMode":null,"action":"raise","amount":4,"receipt":{"mode":"shadow","reason":"pineapple_tournament_unapproved","eligible":false,"changed":false,"applied":false,"owner":"phase7_evaluated","base":["raise",4],"prop":["raise",4]}}
{"variant":"pineapple","format":"tournament","street":"preflop","seats":2,"seed":4040,"packOff":true,"workerMode":"off","action":"raise","amount":4,"receipt":null}
{"variant":"pineapple","format":"tournament","street":"preflop","seats":2,"seed":100101,"packOff":false,"workerMode":null,"action":"raise","amount":4,"receipt":{"mode":"shadow","reason":"pineapple_tournament_unapproved","eligible":false,"changed":false,"applied":false,"owner":"phase7_evaluated","base":["raise",4],"prop":["raise",4]}}
{"variant":"pineapple","format":"tournament","street":"preflop","seats":2,"seed":100101,"packOff":true,"workerMode":"off","action":"raise","amount":4,"receipt":null}
{"variant":"pineapple","format":"tournament","street":"preflop","seats":3,"seed":10301204,"packOff":false,"workerMode":null,"action":"raise","amount":4,"receipt":{"mode":"shadow","reason":"pineapple_tournament_unapproved","eligible":false,"changed":false,"applied":false,"owner":"phase7_evaluated","base":["raise",4],"prop":["raise",4]}}
{"variant":"pineapple","format":"tournament","street":"preflop","seats":3,"seed":10301204,"packOff":true,"workerMode":"off","action":"raise","amount":4,"receipt":null}
{"variant":"pineapple","format":"tournament","street":"preflop","seats":3,"seed":4040,"packOff":false,"workerMode":null,"action":"raise","amount":4,"receipt":{"mode":"shadow","reason":"pineapple_tournament_unapproved","eligible":false,"changed":false,"applied":false,"owner":"phase7_evaluated","base":["raise",4],"prop":["raise",4]}}
{"variant":"pineapple","format":"tournament","street":"preflop","seats":3,"seed":4040,"packOff":true,"workerMode":"off","action":"raise","amount":4,"receipt":null}
{"variant":"pineapple","format":"tournament","street":"preflop","seats":3,"seed":100101,"packOff":false,"workerMode":null,"action":"raise","amount":4,"receipt":{"mode":"shadow","reason":"pineapple_tournament_unapproved","eligible":false,"changed":false,"applied":false,"owner":"phase7_evaluated","base":["raise",4],"prop":["raise",4]}}
{"variant":"pineapple","format":"tournament","street":"preflop","seats":3,"seed":100101,"packOff":true,"workerMode":"off","action":"raise","amount":4,"receipt":null}
{"variant":"pineapple","format":"tournament","street":"flop","seats":2,"seed":10301204,"packOff":false,"workerMode":null,"action":"call","amount":20,"receipt":{"mode":"shadow","reason":"pineapple_tournament_unapproved","eligible":false,"changed":false,"applied":false,"owner":"phase7_evaluated","base":["call",20],"prop":["call",20]}}
{"variant":"pineapple","format":"tournament","street":"flop","seats":2,"seed":10301204,"packOff":true,"workerMode":"off","action":"call","amount":20,"receipt":null}
{"variant":"pineapple","format":"tournament","street":"flop","seats":2,"seed":4040,"packOff":false,"workerMode":null,"action":"raise","amount":84,"receipt":{"mode":"shadow","reason":"pineapple_tournament_unapproved","eligible":false,"changed":false,"applied":false,"owner":"phase7_evaluated","base":["raise",84],"prop":["raise",84]}}
{"variant":"pineapple","format":"tournament","street":"flop","seats":2,"seed":4040,"packOff":true,"workerMode":"off","action":"raise","amount":84,"receipt":null}
{"variant":"pineapple","format":"tournament","street":"flop","seats":2,"seed":100101,"packOff":false,"workerMode":null,"action":"raise","amount":100,"receipt":{"mode":"shadow","reason":"pineapple_tournament_unapproved","eligible":false,"changed":false,"applied":false,"owner":"phase7_evaluated","base":["raise",100],"prop":["raise",100]}}
{"variant":"pineapple","format":"tournament","street":"flop","seats":2,"seed":100101,"packOff":true,"workerMode":"off","action":"raise","amount":100,"receipt":null}
{"variant":"pineapple","format":"tournament","street":"flop","seats":3,"seed":10301204,"packOff":false,"workerMode":null,"action":"call","amount":20,"receipt":{"mode":"shadow","reason":"pineapple_tournament_unapproved","eligible":false,"changed":false,"applied":false,"owner":"phase7_evaluated","base":["call",20],"prop":["call",20]}}
{"variant":"pineapple","format":"tournament","street":"flop","seats":3,"seed":10301204,"packOff":true,"workerMode":"off","action":"call","amount":20,"receipt":null}
{"variant":"pineapple","format":"tournament","street":"flop","seats":3,"seed":4040,"packOff":false,"workerMode":null,"action":"call","amount":20,"receipt":{"mode":"shadow","reason":"pineapple_tournament_unapproved","eligible":false,"changed":false,"applied":false,"owner":"phase7_evaluated","base":["call",20],"prop":["call",20]}}
{"variant":"pineapple","format":"tournament","street":"flop","seats":3,"seed":4040,"packOff":true,"workerMode":"off","action":"call","amount":20,"receipt":null}
{"variant":"pineapple","format":"tournament","street":"flop","seats":3,"seed":100101,"packOff":false,"workerMode":null,"action":"call","amount":20,"receipt":{"mode":"shadow","reason":"pineapple_tournament_unapproved","eligible":false,"changed":false,"applied":false,"owner":"phase7_evaluated","base":["call",20],"prop":["call",20]}}
{"variant":"pineapple","format":"tournament","street":"flop","seats":3,"seed":100101,"packOff":true,"workerMode":"off","action":"call","amount":20,"receipt":null}
{"variant":"pineapple","format":"tournament","street":"turn","seats":2,"seed":10301204,"packOff":false,"workerMode":null,"action":"raise","amount":80,"receipt":{"mode":"shadow","reason":"pineapple_tournament_unapproved","eligible":false,"changed":false,"applied":false,"owner":"phase7_evaluated","base":["raise",80],"prop":["raise",80]}}
{"variant":"pineapple","format":"tournament","street":"turn","seats":2,"seed":10301204,"packOff":true,"workerMode":"off","action":"raise","amount":80,"receipt":null}
{"variant":"pineapple","format":"tournament","street":"turn","seats":2,"seed":4040,"packOff":false,"workerMode":null,"action":"raise","amount":79,"receipt":{"mode":"shadow","reason":"pineapple_tournament_unapproved","eligible":false,"changed":false,"applied":false,"owner":"phase7_evaluated","base":["raise",79],"prop":["raise",79]}}
{"variant":"pineapple","format":"tournament","street":"turn","seats":2,"seed":4040,"packOff":true,"workerMode":"off","action":"raise","amount":79,"receipt":null}
{"variant":"pineapple","format":"tournament","street":"turn","seats":2,"seed":100101,"packOff":false,"workerMode":null,"action":"raise","amount":100,"receipt":{"mode":"shadow","reason":"pineapple_tournament_unapproved","eligible":false,"changed":false,"applied":false,"owner":"phase7_evaluated","base":["raise",100],"prop":["raise",100]}}
{"variant":"pineapple","format":"tournament","street":"turn","seats":2,"seed":100101,"packOff":true,"workerMode":"off","action":"raise","amount":100,"receipt":null}
{"variant":"pineapple","format":"tournament","street":"turn","seats":3,"seed":10301204,"packOff":false,"workerMode":null,"action":"call","amount":20,"receipt":{"mode":"shadow","reason":"pineapple_tournament_unapproved","eligible":false,"changed":false,"applied":false,"owner":"phase7_evaluated","base":["call",20],"prop":["call",20]}}
{"variant":"pineapple","format":"tournament","street":"turn","seats":3,"seed":10301204,"packOff":true,"workerMode":"off","action":"call","amount":20,"receipt":null}
{"variant":"pineapple","format":"tournament","street":"turn","seats":3,"seed":4040,"packOff":false,"workerMode":null,"action":"raise","amount":100,"receipt":{"mode":"shadow","reason":"pineapple_tournament_unapproved","eligible":false,"changed":false,"applied":false,"owner":"phase7_evaluated","base":["raise",100],"prop":["raise",100]}}
{"variant":"pineapple","format":"tournament","street":"turn","seats":3,"seed":4040,"packOff":true,"workerMode":"off","action":"raise","amount":100,"receipt":null}
{"variant":"pineapple","format":"tournament","street":"turn","seats":3,"seed":100101,"packOff":false,"workerMode":null,"action":"raise","amount":90,"receipt":{"mode":"shadow","reason":"pineapple_tournament_unapproved","eligible":false,"changed":false,"applied":false,"owner":"phase7_evaluated","base":["raise",90],"prop":["raise",90]}}
{"variant":"pineapple","format":"tournament","street":"turn","seats":3,"seed":100101,"packOff":true,"workerMode":"off","action":"raise","amount":90,"receipt":null}
{"variant":"pineapple","format":"tournament","street":"river","seats":2,"seed":10301204,"packOff":false,"workerMode":null,"action":"raise","amount":100,"receipt":{"mode":"shadow","reason":"pineapple_tournament_unapproved","eligible":false,"changed":false,"applied":false,"owner":"phase7_evaluated","base":["raise",100],"prop":["raise",100]}}
{"variant":"pineapple","format":"tournament","street":"river","seats":2,"seed":10301204,"packOff":true,"workerMode":"off","action":"raise","amount":100,"receipt":null}
{"variant":"pineapple","format":"tournament","street":"river","seats":2,"seed":4040,"packOff":false,"workerMode":null,"action":"raise","amount":81,"receipt":{"mode":"shadow","reason":"pineapple_tournament_unapproved","eligible":false,"changed":false,"applied":false,"owner":"phase7_evaluated","base":["raise",81],"prop":["raise",81]}}
{"variant":"pineapple","format":"tournament","street":"river","seats":2,"seed":4040,"packOff":true,"workerMode":"off","action":"raise","amount":81,"receipt":null}
{"variant":"pineapple","format":"tournament","street":"river","seats":2,"seed":100101,"packOff":false,"workerMode":null,"action":"call","amount":20,"receipt":{"mode":"shadow","reason":"pineapple_tournament_unapproved","eligible":false,"changed":false,"applied":false,"owner":"phase7_evaluated","base":["call",20],"prop":["call",20]}}
{"variant":"pineapple","format":"tournament","street":"river","seats":2,"seed":100101,"packOff":true,"workerMode":"off","action":"call","amount":20,"receipt":null}
{"variant":"pineapple","format":"tournament","street":"river","seats":3,"seed":10301204,"packOff":false,"workerMode":null,"action":"call","amount":20,"receipt":{"mode":"shadow","reason":"pineapple_tournament_unapproved","eligible":false,"changed":false,"applied":false,"owner":"phase7_evaluated","base":["call",20],"prop":["call",20]}}
{"variant":"pineapple","format":"tournament","street":"river","seats":3,"seed":10301204,"packOff":true,"workerMode":"off","action":"call","amount":20,"receipt":null}
{"variant":"pineapple","format":"tournament","street":"river","seats":3,"seed":4040,"packOff":false,"workerMode":null,"action":"raise","amount":100,"receipt":{"mode":"shadow","reason":"pineapple_tournament_unapproved","eligible":false,"changed":false,"applied":false,"owner":"phase7_evaluated","base":["raise",100],"prop":["raise",100]}}
{"variant":"pineapple","format":"tournament","street":"river","seats":3,"seed":4040,"packOff":true,"workerMode":"off","action":"raise","amount":100,"receipt":null}
{"variant":"pineapple","format":"tournament","street":"river","seats":3,"seed":100101,"packOff":false,"workerMode":null,"action":"raise","amount":100,"receipt":{"mode":"shadow","reason":"pineapple_tournament_unapproved","eligible":false,"changed":false,"applied":false,"owner":"phase7_evaluated","base":["raise",100],"prop":["raise",100]}}
{"variant":"pineapple","format":"tournament","street":"river","seats":3,"seed":100101,"packOff":true,"workerMode":"off","action":"raise","amount":100,"receipt":null}
{"variant":"flh","format":"cash","street":"preflop","seats":2,"seed":10301204,"packOff":false,"workerMode":null,"action":"raise","amount":4,"receipt":{"mode":"shadow","reason":"preflop_entry","eligible":true,"changed":false,"applied":false,"owner":"cash","base":["raise",4],"prop":["raise",4]}}
{"variant":"flh","format":"cash","street":"preflop","seats":2,"seed":10301204,"packOff":true,"workerMode":"off","action":"raise","amount":4,"receipt":null}
{"variant":"flh","format":"cash","street":"preflop","seats":2,"seed":4040,"packOff":false,"workerMode":null,"action":"raise","amount":4,"receipt":{"mode":"shadow","reason":"preflop_entry","eligible":true,"changed":false,"applied":false,"owner":"cash","base":["raise",4],"prop":["raise",4]}}
{"variant":"flh","format":"cash","street":"preflop","seats":2,"seed":4040,"packOff":true,"workerMode":"off","action":"raise","amount":4,"receipt":null}
{"variant":"flh","format":"cash","street":"preflop","seats":2,"seed":100101,"packOff":false,"workerMode":null,"action":"raise","amount":4,"receipt":{"mode":"shadow","reason":"preflop_entry","eligible":true,"changed":false,"applied":false,"owner":"cash","base":["raise",4],"prop":["raise",4]}}
{"variant":"flh","format":"cash","street":"preflop","seats":2,"seed":100101,"packOff":true,"workerMode":"off","action":"raise","amount":4,"receipt":null}
{"variant":"flh","format":"cash","street":"preflop","seats":3,"seed":10301204,"packOff":false,"workerMode":null,"action":"raise","amount":4,"receipt":{"mode":"shadow","reason":"preflop_entry","eligible":true,"changed":false,"applied":false,"owner":"cash","base":["raise",4],"prop":["raise",4]}}
{"variant":"flh","format":"cash","street":"preflop","seats":3,"seed":10301204,"packOff":true,"workerMode":"off","action":"raise","amount":4,"receipt":null}
{"variant":"flh","format":"cash","street":"preflop","seats":3,"seed":4040,"packOff":false,"workerMode":null,"action":"raise","amount":4,"receipt":{"mode":"shadow","reason":"preflop_entry","eligible":true,"changed":false,"applied":false,"owner":"cash","base":["raise",4],"prop":["raise",4]}}
{"variant":"flh","format":"cash","street":"preflop","seats":3,"seed":4040,"packOff":true,"workerMode":"off","action":"raise","amount":4,"receipt":null}
{"variant":"flh","format":"cash","street":"preflop","seats":3,"seed":100101,"packOff":false,"workerMode":null,"action":"raise","amount":4,"receipt":{"mode":"shadow","reason":"preflop_entry","eligible":true,"changed":false,"applied":false,"owner":"cash","base":["raise",4],"prop":["raise",4]}}
{"variant":"flh","format":"cash","street":"preflop","seats":3,"seed":100101,"packOff":true,"workerMode":"off","action":"raise","amount":4,"receipt":null}
{"variant":"flh","format":"cash","street":"flop","seats":2,"seed":10301204,"packOff":false,"workerMode":null,"action":"call","amount":2,"receipt":{"mode":"shadow","reason":"variant_price_call","eligible":true,"changed":false,"applied":false,"owner":"cash","base":["call",2],"prop":["call",2]}}
{"variant":"flh","format":"cash","street":"flop","seats":2,"seed":10301204,"packOff":true,"workerMode":"off","action":"call","amount":2,"receipt":null}
{"variant":"flh","format":"cash","street":"flop","seats":2,"seed":4040,"packOff":false,"workerMode":null,"action":"raise","amount":4,"receipt":{"mode":"shadow","reason":"variant_price_call","eligible":true,"changed":true,"applied":false,"owner":"cash","base":["raise",4],"prop":["call",2]}}
{"variant":"flh","format":"cash","street":"flop","seats":2,"seed":4040,"packOff":true,"workerMode":"off","action":"raise","amount":4,"receipt":null}
{"variant":"flh","format":"cash","street":"flop","seats":2,"seed":100101,"packOff":false,"workerMode":null,"action":"raise","amount":4,"receipt":{"mode":"shadow","reason":"variant_price_call","eligible":true,"changed":true,"applied":false,"owner":"cash","base":["raise",4],"prop":["call",2]}}
{"variant":"flh","format":"cash","street":"flop","seats":2,"seed":100101,"packOff":true,"workerMode":"off","action":"raise","amount":4,"receipt":null}
{"variant":"flh","format":"cash","street":"flop","seats":3,"seed":10301204,"packOff":false,"workerMode":null,"action":"call","amount":2,"receipt":{"mode":"shadow","reason":"variant_price_call","eligible":true,"changed":false,"applied":false,"owner":"cash","base":["call",2],"prop":["call",2]}}
{"variant":"flh","format":"cash","street":"flop","seats":3,"seed":10301204,"packOff":true,"workerMode":"off","action":"call","amount":2,"receipt":null}
{"variant":"flh","format":"cash","street":"flop","seats":3,"seed":4040,"packOff":false,"workerMode":null,"action":"call","amount":2,"receipt":{"mode":"shadow","reason":"variant_price_call","eligible":true,"changed":false,"applied":false,"owner":"cash","base":["call",2],"prop":["call",2]}}
{"variant":"flh","format":"cash","street":"flop","seats":3,"seed":4040,"packOff":true,"workerMode":"off","action":"call","amount":2,"receipt":null}
{"variant":"flh","format":"cash","street":"flop","seats":3,"seed":100101,"packOff":false,"workerMode":null,"action":"call","amount":2,"receipt":{"mode":"shadow","reason":"variant_price_call","eligible":true,"changed":false,"applied":false,"owner":"cash","base":["call",2],"prop":["call",2]}}
{"variant":"flh","format":"cash","street":"flop","seats":3,"seed":100101,"packOff":true,"workerMode":"off","action":"call","amount":2,"receipt":null}
{"variant":"flh","format":"cash","street":"turn","seats":2,"seed":10301204,"packOff":false,"workerMode":null,"action":"raise","amount":8,"receipt":{"mode":"shadow","reason":"variant_value_raise","eligible":true,"changed":false,"applied":false,"owner":"cash","base":["raise",8],"prop":["raise",8]}}
{"variant":"flh","format":"cash","street":"turn","seats":2,"seed":10301204,"packOff":true,"workerMode":"off","action":"raise","amount":8,"receipt":null}
{"variant":"flh","format":"cash","street":"turn","seats":2,"seed":4040,"packOff":false,"workerMode":null,"action":"raise","amount":8,"receipt":{"mode":"shadow","reason":"variant_price_call","eligible":true,"changed":true,"applied":false,"owner":"cash","base":["raise",8],"prop":["call",4]}}
{"variant":"flh","format":"cash","street":"turn","seats":2,"seed":4040,"packOff":true,"workerMode":"off","action":"raise","amount":8,"receipt":null}
{"variant":"flh","format":"cash","street":"turn","seats":2,"seed":100101,"packOff":false,"workerMode":null,"action":"call","amount":4,"receipt":{"mode":"shadow","reason":"variant_value_raise","eligible":true,"changed":true,"applied":false,"owner":"cash","base":["call",4],"prop":["raise",8]}}
{"variant":"flh","format":"cash","street":"turn","seats":2,"seed":100101,"packOff":true,"workerMode":"off","action":"call","amount":4,"receipt":null}
{"variant":"flh","format":"cash","street":"turn","seats":3,"seed":10301204,"packOff":false,"workerMode":null,"action":"raise","amount":8,"receipt":{"mode":"shadow","reason":"variant_price_call","eligible":true,"changed":true,"applied":false,"owner":"cash","base":["raise",8],"prop":["call",4]}}
{"variant":"flh","format":"cash","street":"turn","seats":3,"seed":10301204,"packOff":true,"workerMode":"off","action":"raise","amount":8,"receipt":null}
{"variant":"flh","format":"cash","street":"turn","seats":3,"seed":4040,"packOff":false,"workerMode":null,"action":"call","amount":4,"receipt":{"mode":"shadow","reason":"variant_price_call","eligible":true,"changed":false,"applied":false,"owner":"cash","base":["call",4],"prop":["call",4]}}
{"variant":"flh","format":"cash","street":"turn","seats":3,"seed":4040,"packOff":true,"workerMode":"off","action":"call","amount":4,"receipt":null}
{"variant":"flh","format":"cash","street":"turn","seats":3,"seed":100101,"packOff":false,"workerMode":null,"action":"call","amount":4,"receipt":{"mode":"shadow","reason":"variant_price_call","eligible":true,"changed":false,"applied":false,"owner":"cash","base":["call",4],"prop":["call",4]}}
{"variant":"flh","format":"cash","street":"turn","seats":3,"seed":100101,"packOff":true,"workerMode":"off","action":"call","amount":4,"receipt":null}
{"variant":"flh","format":"cash","street":"river","seats":2,"seed":10301204,"packOff":false,"workerMode":null,"action":"call","amount":4,"receipt":{"mode":"shadow","reason":"variant_value_raise","eligible":true,"changed":true,"applied":false,"owner":"cash","base":["call",4],"prop":["raise",8]}}
{"variant":"flh","format":"cash","street":"river","seats":2,"seed":10301204,"packOff":true,"workerMode":"off","action":"call","amount":4,"receipt":null}
{"variant":"flh","format":"cash","street":"river","seats":2,"seed":4040,"packOff":false,"workerMode":null,"action":"call","amount":4,"receipt":{"mode":"shadow","reason":"variant_value_raise","eligible":true,"changed":true,"applied":false,"owner":"cash","base":["call",4],"prop":["raise",8]}}
{"variant":"flh","format":"cash","street":"river","seats":2,"seed":4040,"packOff":true,"workerMode":"off","action":"call","amount":4,"receipt":null}
{"variant":"flh","format":"cash","street":"river","seats":2,"seed":100101,"packOff":false,"workerMode":null,"action":"raise","amount":8,"receipt":{"mode":"shadow","reason":"variant_value_raise","eligible":true,"changed":false,"applied":false,"owner":"cash","base":["raise",8],"prop":["raise",8]}}
{"variant":"flh","format":"cash","street":"river","seats":2,"seed":100101,"packOff":true,"workerMode":"off","action":"raise","amount":8,"receipt":null}
{"variant":"flh","format":"cash","street":"river","seats":3,"seed":10301204,"packOff":false,"workerMode":null,"action":"call","amount":4,"receipt":{"mode":"shadow","reason":"variant_price_call","eligible":true,"changed":false,"applied":false,"owner":"cash","base":["call",4],"prop":["call",4]}}
{"variant":"flh","format":"cash","street":"river","seats":3,"seed":10301204,"packOff":true,"workerMode":"off","action":"call","amount":4,"receipt":null}
{"variant":"flh","format":"cash","street":"river","seats":3,"seed":4040,"packOff":false,"workerMode":null,"action":"raise","amount":8,"receipt":{"mode":"shadow","reason":"variant_price_call","eligible":true,"changed":true,"applied":false,"owner":"cash","base":["raise",8],"prop":["call",4]}}
{"variant":"flh","format":"cash","street":"river","seats":3,"seed":4040,"packOff":true,"workerMode":"off","action":"raise","amount":8,"receipt":null}
{"variant":"flh","format":"cash","street":"river","seats":3,"seed":100101,"packOff":false,"workerMode":null,"action":"call","amount":4,"receipt":{"mode":"shadow","reason":"variant_price_call","eligible":true,"changed":false,"applied":false,"owner":"cash","base":["call",4],"prop":["call",4]}}
{"variant":"flh","format":"cash","street":"river","seats":3,"seed":100101,"packOff":true,"workerMode":"off","action":"call","amount":4,"receipt":null}
{"variant":"flh","format":"tournament","street":"preflop","seats":2,"seed":10301204,"packOff":false,"workerMode":null,"action":"raise","amount":4,"receipt":{"mode":"shadow","reason":"preflop_entry","eligible":true,"changed":false,"applied":false,"owner":"phase7_evaluated","base":["raise",4],"prop":["raise",4]}}
{"variant":"flh","format":"tournament","street":"preflop","seats":2,"seed":10301204,"packOff":true,"workerMode":"off","action":"raise","amount":4,"receipt":null}
{"variant":"flh","format":"tournament","street":"preflop","seats":2,"seed":4040,"packOff":false,"workerMode":null,"action":"raise","amount":4,"receipt":{"mode":"shadow","reason":"preflop_entry","eligible":true,"changed":false,"applied":false,"owner":"phase7_evaluated","base":["raise",4],"prop":["raise",4]}}
{"variant":"flh","format":"tournament","street":"preflop","seats":2,"seed":4040,"packOff":true,"workerMode":"off","action":"raise","amount":4,"receipt":null}
{"variant":"flh","format":"tournament","street":"preflop","seats":2,"seed":100101,"packOff":false,"workerMode":null,"action":"raise","amount":4,"receipt":{"mode":"shadow","reason":"preflop_entry","eligible":true,"changed":false,"applied":false,"owner":"phase7_evaluated","base":["raise",4],"prop":["raise",4]}}
{"variant":"flh","format":"tournament","street":"preflop","seats":2,"seed":100101,"packOff":true,"workerMode":"off","action":"raise","amount":4,"receipt":null}
{"variant":"flh","format":"tournament","street":"preflop","seats":3,"seed":10301204,"packOff":false,"workerMode":null,"action":"raise","amount":4,"receipt":{"mode":"shadow","reason":"preflop_entry","eligible":true,"changed":false,"applied":false,"owner":"phase7_evaluated","base":["raise",4],"prop":["raise",4]}}
{"variant":"flh","format":"tournament","street":"preflop","seats":3,"seed":10301204,"packOff":true,"workerMode":"off","action":"raise","amount":4,"receipt":null}
{"variant":"flh","format":"tournament","street":"preflop","seats":3,"seed":4040,"packOff":false,"workerMode":null,"action":"raise","amount":4,"receipt":{"mode":"shadow","reason":"preflop_entry","eligible":true,"changed":false,"applied":false,"owner":"phase7_evaluated","base":["raise",4],"prop":["raise",4]}}
{"variant":"flh","format":"tournament","street":"preflop","seats":3,"seed":4040,"packOff":true,"workerMode":"off","action":"raise","amount":4,"receipt":null}
{"variant":"flh","format":"tournament","street":"preflop","seats":3,"seed":100101,"packOff":false,"workerMode":null,"action":"raise","amount":4,"receipt":{"mode":"shadow","reason":"preflop_entry","eligible":true,"changed":false,"applied":false,"owner":"phase7_evaluated","base":["raise",4],"prop":["raise",4]}}
{"variant":"flh","format":"tournament","street":"preflop","seats":3,"seed":100101,"packOff":true,"workerMode":"off","action":"raise","amount":4,"receipt":null}
{"variant":"flh","format":"tournament","street":"flop","seats":2,"seed":10301204,"packOff":false,"workerMode":null,"action":"call","amount":2,"receipt":{"mode":"shadow","reason":"variant_price_call","eligible":true,"changed":false,"applied":false,"owner":"phase7_evaluated","base":["call",2],"prop":["call",2]}}
{"variant":"flh","format":"tournament","street":"flop","seats":2,"seed":10301204,"packOff":true,"workerMode":"off","action":"call","amount":2,"receipt":null}
{"variant":"flh","format":"tournament","street":"flop","seats":2,"seed":4040,"packOff":false,"workerMode":null,"action":"raise","amount":4,"receipt":{"mode":"shadow","reason":"variant_price_call","eligible":true,"changed":true,"applied":false,"owner":"phase7_evaluated","base":["raise",4],"prop":["call",2]}}
{"variant":"flh","format":"tournament","street":"flop","seats":2,"seed":4040,"packOff":true,"workerMode":"off","action":"raise","amount":4,"receipt":null}
{"variant":"flh","format":"tournament","street":"flop","seats":2,"seed":100101,"packOff":false,"workerMode":null,"action":"raise","amount":4,"receipt":{"mode":"shadow","reason":"variant_price_call","eligible":true,"changed":true,"applied":false,"owner":"phase7_evaluated","base":["raise",4],"prop":["call",2]}}
{"variant":"flh","format":"tournament","street":"flop","seats":2,"seed":100101,"packOff":true,"workerMode":"off","action":"raise","amount":4,"receipt":null}
{"variant":"flh","format":"tournament","street":"flop","seats":3,"seed":10301204,"packOff":false,"workerMode":null,"action":"call","amount":2,"receipt":{"mode":"shadow","reason":"variant_price_call","eligible":true,"changed":false,"applied":false,"owner":"phase7_evaluated","base":["call",2],"prop":["call",2]}}
{"variant":"flh","format":"tournament","street":"flop","seats":3,"seed":10301204,"packOff":true,"workerMode":"off","action":"call","amount":2,"receipt":null}
{"variant":"flh","format":"tournament","street":"flop","seats":3,"seed":4040,"packOff":false,"workerMode":null,"action":"call","amount":2,"receipt":{"mode":"shadow","reason":"variant_price_call","eligible":true,"changed":false,"applied":false,"owner":"phase7_evaluated","base":["call",2],"prop":["call",2]}}
{"variant":"flh","format":"tournament","street":"flop","seats":3,"seed":4040,"packOff":true,"workerMode":"off","action":"call","amount":2,"receipt":null}
{"variant":"flh","format":"tournament","street":"flop","seats":3,"seed":100101,"packOff":false,"workerMode":null,"action":"call","amount":2,"receipt":{"mode":"shadow","reason":"variant_price_call","eligible":true,"changed":false,"applied":false,"owner":"phase7_evaluated","base":["call",2],"prop":["call",2]}}
{"variant":"flh","format":"tournament","street":"flop","seats":3,"seed":100101,"packOff":true,"workerMode":"off","action":"call","amount":2,"receipt":null}
{"variant":"flh","format":"tournament","street":"turn","seats":2,"seed":10301204,"packOff":false,"workerMode":null,"action":"raise","amount":8,"receipt":{"mode":"shadow","reason":"variant_value_raise","eligible":true,"changed":false,"applied":false,"owner":"phase7_evaluated","base":["raise",8],"prop":["raise",8]}}
{"variant":"flh","format":"tournament","street":"turn","seats":2,"seed":10301204,"packOff":true,"workerMode":"off","action":"raise","amount":8,"receipt":null}
{"variant":"flh","format":"tournament","street":"turn","seats":2,"seed":4040,"packOff":false,"workerMode":null,"action":"raise","amount":8,"receipt":{"mode":"shadow","reason":"variant_price_call","eligible":true,"changed":true,"applied":false,"owner":"phase7_evaluated","base":["raise",8],"prop":["call",4]}}
{"variant":"flh","format":"tournament","street":"turn","seats":2,"seed":4040,"packOff":true,"workerMode":"off","action":"raise","amount":8,"receipt":null}
{"variant":"flh","format":"tournament","street":"turn","seats":2,"seed":100101,"packOff":false,"workerMode":null,"action":"call","amount":4,"receipt":{"mode":"shadow","reason":"variant_value_raise","eligible":true,"changed":true,"applied":false,"owner":"phase7_evaluated","base":["call",4],"prop":["raise",8]}}
{"variant":"flh","format":"tournament","street":"turn","seats":2,"seed":100101,"packOff":true,"workerMode":"off","action":"call","amount":4,"receipt":null}
{"variant":"flh","format":"tournament","street":"turn","seats":3,"seed":10301204,"packOff":false,"workerMode":null,"action":"raise","amount":8,"receipt":{"mode":"shadow","reason":"variant_price_call","eligible":true,"changed":true,"applied":false,"owner":"phase7_evaluated","base":["raise",8],"prop":["call",4]}}
{"variant":"flh","format":"tournament","street":"turn","seats":3,"seed":10301204,"packOff":true,"workerMode":"off","action":"raise","amount":8,"receipt":null}
{"variant":"flh","format":"tournament","street":"turn","seats":3,"seed":4040,"packOff":false,"workerMode":null,"action":"call","amount":4,"receipt":{"mode":"shadow","reason":"variant_price_call","eligible":true,"changed":false,"applied":false,"owner":"phase7_evaluated","base":["call",4],"prop":["call",4]}}
{"variant":"flh","format":"tournament","street":"turn","seats":3,"seed":4040,"packOff":true,"workerMode":"off","action":"call","amount":4,"receipt":null}
{"variant":"flh","format":"tournament","street":"turn","seats":3,"seed":100101,"packOff":false,"workerMode":null,"action":"call","amount":4,"receipt":{"mode":"shadow","reason":"variant_price_call","eligible":true,"changed":false,"applied":false,"owner":"phase7_evaluated","base":["call",4],"prop":["call",4]}}
{"variant":"flh","format":"tournament","street":"turn","seats":3,"seed":100101,"packOff":true,"workerMode":"off","action":"call","amount":4,"receipt":null}
{"variant":"flh","format":"tournament","street":"river","seats":2,"seed":10301204,"packOff":false,"workerMode":null,"action":"call","amount":4,"receipt":{"mode":"shadow","reason":"variant_value_raise","eligible":true,"changed":true,"applied":false,"owner":"phase7_evaluated","base":["call",4],"prop":["raise",8]}}
{"variant":"flh","format":"tournament","street":"river","seats":2,"seed":10301204,"packOff":true,"workerMode":"off","action":"call","amount":4,"receipt":null}
{"variant":"flh","format":"tournament","street":"river","seats":2,"seed":4040,"packOff":false,"workerMode":null,"action":"call","amount":4,"receipt":{"mode":"shadow","reason":"variant_value_raise","eligible":true,"changed":true,"applied":false,"owner":"phase7_evaluated","base":["call",4],"prop":["raise",8]}}
{"variant":"flh","format":"tournament","street":"river","seats":2,"seed":4040,"packOff":true,"workerMode":"off","action":"call","amount":4,"receipt":null}
{"variant":"flh","format":"tournament","street":"river","seats":2,"seed":100101,"packOff":false,"workerMode":null,"action":"raise","amount":8,"receipt":{"mode":"shadow","reason":"variant_value_raise","eligible":true,"changed":false,"applied":false,"owner":"phase7_evaluated","base":["raise",8],"prop":["raise",8]}}
{"variant":"flh","format":"tournament","street":"river","seats":2,"seed":100101,"packOff":true,"workerMode":"off","action":"raise","amount":8,"receipt":null}
{"variant":"flh","format":"tournament","street":"river","seats":3,"seed":10301204,"packOff":false,"workerMode":null,"action":"call","amount":4,"receipt":{"mode":"shadow","reason":"variant_price_call","eligible":true,"changed":false,"applied":false,"owner":"phase7_evaluated","base":["call",4],"prop":["call",4]}}
{"variant":"flh","format":"tournament","street":"river","seats":3,"seed":10301204,"packOff":true,"workerMode":"off","action":"call","amount":4,"receipt":null}
{"variant":"flh","format":"tournament","street":"river","seats":3,"seed":4040,"packOff":false,"workerMode":null,"action":"raise","amount":8,"receipt":{"mode":"shadow","reason":"variant_price_call","eligible":true,"changed":true,"applied":false,"owner":"phase7_evaluated","base":["raise",8],"prop":["call",4]}}
{"variant":"flh","format":"tournament","street":"river","seats":3,"seed":4040,"packOff":true,"workerMode":"off","action":"raise","amount":8,"receipt":null}
{"variant":"flh","format":"tournament","street":"river","seats":3,"seed":100101,"packOff":false,"workerMode":null,"action":"call","amount":4,"receipt":{"mode":"shadow","reason":"variant_price_call","eligible":true,"changed":false,"applied":false,"owner":"phase7_evaluated","base":["call",4],"prop":["call",4]}}
{"variant":"flh","format":"tournament","street":"river","seats":3,"seed":100101,"packOff":true,"workerMode":"off","action":"call","amount":4,"receipt":null}
{"variant":"flo8","format":"cash","street":"preflop","seats":2,"seed":10301204,"packOff":false,"workerMode":null,"action":"raise","amount":4,"receipt":{"mode":"shadow","reason":"preflop_entry","eligible":true,"changed":false,"applied":false,"owner":"cash","base":["raise",4],"prop":["raise",4]}}
{"variant":"flo8","format":"cash","street":"preflop","seats":2,"seed":10301204,"packOff":true,"workerMode":"off","action":"raise","amount":4,"receipt":null}
{"variant":"flo8","format":"cash","street":"preflop","seats":2,"seed":4040,"packOff":false,"workerMode":null,"action":"raise","amount":4,"receipt":{"mode":"shadow","reason":"preflop_entry","eligible":true,"changed":false,"applied":false,"owner":"cash","base":["raise",4],"prop":["raise",4]}}
{"variant":"flo8","format":"cash","street":"preflop","seats":2,"seed":4040,"packOff":true,"workerMode":"off","action":"raise","amount":4,"receipt":null}
{"variant":"flo8","format":"cash","street":"preflop","seats":2,"seed":100101,"packOff":false,"workerMode":null,"action":"raise","amount":4,"receipt":{"mode":"shadow","reason":"preflop_entry","eligible":true,"changed":false,"applied":false,"owner":"cash","base":["raise",4],"prop":["raise",4]}}
{"variant":"flo8","format":"cash","street":"preflop","seats":2,"seed":100101,"packOff":true,"workerMode":"off","action":"raise","amount":4,"receipt":null}
{"variant":"flo8","format":"cash","street":"preflop","seats":3,"seed":10301204,"packOff":false,"workerMode":null,"action":"raise","amount":4,"receipt":{"mode":"shadow","reason":"preflop_entry","eligible":true,"changed":false,"applied":false,"owner":"cash","base":["raise",4],"prop":["raise",4]}}
{"variant":"flo8","format":"cash","street":"preflop","seats":3,"seed":10301204,"packOff":true,"workerMode":"off","action":"raise","amount":4,"receipt":null}
{"variant":"flo8","format":"cash","street":"preflop","seats":3,"seed":4040,"packOff":false,"workerMode":null,"action":"raise","amount":4,"receipt":{"mode":"shadow","reason":"preflop_entry","eligible":true,"changed":false,"applied":false,"owner":"cash","base":["raise",4],"prop":["raise",4]}}
{"variant":"flo8","format":"cash","street":"preflop","seats":3,"seed":4040,"packOff":true,"workerMode":"off","action":"raise","amount":4,"receipt":null}
{"variant":"flo8","format":"cash","street":"preflop","seats":3,"seed":100101,"packOff":false,"workerMode":null,"action":"raise","amount":4,"receipt":{"mode":"shadow","reason":"preflop_entry","eligible":true,"changed":false,"applied":false,"owner":"cash","base":["raise",4],"prop":["raise",4]}}
{"variant":"flo8","format":"cash","street":"preflop","seats":3,"seed":100101,"packOff":true,"workerMode":"off","action":"raise","amount":4,"receipt":null}
{"variant":"flo8","format":"cash","street":"flop","seats":2,"seed":10301204,"packOff":false,"workerMode":null,"action":"call","amount":2,"receipt":{"mode":"shadow","reason":"variant_price_call","eligible":true,"changed":false,"applied":false,"owner":"cash","base":["call",2],"prop":["call",2]}}
{"variant":"flo8","format":"cash","street":"flop","seats":2,"seed":10301204,"packOff":true,"workerMode":"off","action":"call","amount":2,"receipt":null}
{"variant":"flo8","format":"cash","street":"flop","seats":2,"seed":4040,"packOff":false,"workerMode":null,"action":"raise","amount":4,"receipt":{"mode":"shadow","reason":"variant_value_raise","eligible":true,"changed":false,"applied":false,"owner":"cash","base":["raise",4],"prop":["raise",4]}}
{"variant":"flo8","format":"cash","street":"flop","seats":2,"seed":4040,"packOff":true,"workerMode":"off","action":"raise","amount":4,"receipt":null}
{"variant":"flo8","format":"cash","street":"flop","seats":2,"seed":100101,"packOff":false,"workerMode":null,"action":"call","amount":2,"receipt":{"mode":"shadow","reason":"variant_value_raise","eligible":true,"changed":true,"applied":false,"owner":"cash","base":["call",2],"prop":["raise",4]}}
{"variant":"flo8","format":"cash","street":"flop","seats":2,"seed":100101,"packOff":true,"workerMode":"off","action":"call","amount":2,"receipt":null}
{"variant":"flo8","format":"cash","street":"flop","seats":3,"seed":10301204,"packOff":false,"workerMode":null,"action":"call","amount":2,"receipt":{"mode":"shadow","reason":"variant_price_call","eligible":true,"changed":false,"applied":false,"owner":"cash","base":["call",2],"prop":["call",2]}}
{"variant":"flo8","format":"cash","street":"flop","seats":3,"seed":10301204,"packOff":true,"workerMode":"off","action":"call","amount":2,"receipt":null}
{"variant":"flo8","format":"cash","street":"flop","seats":3,"seed":4040,"packOff":false,"workerMode":null,"action":"call","amount":2,"receipt":{"mode":"shadow","reason":"variant_price_call","eligible":true,"changed":false,"applied":false,"owner":"cash","base":["call",2],"prop":["call",2]}}
{"variant":"flo8","format":"cash","street":"flop","seats":3,"seed":4040,"packOff":true,"workerMode":"off","action":"call","amount":2,"receipt":null}
{"variant":"flo8","format":"cash","street":"flop","seats":3,"seed":100101,"packOff":false,"workerMode":null,"action":"call","amount":2,"receipt":{"mode":"shadow","reason":"variant_price_call","eligible":true,"changed":false,"applied":false,"owner":"cash","base":["call",2],"prop":["call",2]}}
{"variant":"flo8","format":"cash","street":"flop","seats":3,"seed":100101,"packOff":true,"workerMode":"off","action":"call","amount":2,"receipt":null}
{"variant":"flo8","format":"cash","street":"turn","seats":2,"seed":10301204,"packOff":false,"workerMode":null,"action":"call","amount":4,"receipt":{"mode":"shadow","reason":"variant_price_call","eligible":true,"changed":false,"applied":false,"owner":"cash","base":["call",4],"prop":["call",4]}}
{"variant":"flo8","format":"cash","street":"turn","seats":2,"seed":10301204,"packOff":true,"workerMode":"off","action":"call","amount":4,"receipt":null}
{"variant":"flo8","format":"cash","street":"turn","seats":2,"seed":4040,"packOff":false,"workerMode":null,"action":"raise","amount":8,"receipt":{"mode":"shadow","reason":"variant_price_call","eligible":true,"changed":true,"applied":false,"owner":"cash","base":["raise",8],"prop":["call",4]}}
{"variant":"flo8","format":"cash","street":"turn","seats":2,"seed":4040,"packOff":true,"workerMode":"off","action":"raise","amount":8,"receipt":null}
{"variant":"flo8","format":"cash","street":"turn","seats":2,"seed":100101,"packOff":false,"workerMode":null,"action":"call","amount":4,"receipt":{"mode":"shadow","reason":"variant_price_call","eligible":true,"changed":false,"applied":false,"owner":"cash","base":["call",4],"prop":["call",4]}}
{"variant":"flo8","format":"cash","street":"turn","seats":2,"seed":100101,"packOff":true,"workerMode":"off","action":"call","amount":4,"receipt":null}
{"variant":"flo8","format":"cash","street":"turn","seats":3,"seed":10301204,"packOff":false,"workerMode":null,"action":"call","amount":4,"receipt":{"mode":"shadow","reason":"variant_price_call","eligible":true,"changed":false,"applied":false,"owner":"cash","base":["call",4],"prop":["call",4]}}
{"variant":"flo8","format":"cash","street":"turn","seats":3,"seed":10301204,"packOff":true,"workerMode":"off","action":"call","amount":4,"receipt":null}
{"variant":"flo8","format":"cash","street":"turn","seats":3,"seed":4040,"packOff":false,"workerMode":null,"action":"call","amount":4,"receipt":{"mode":"shadow","reason":"variant_price_call","eligible":true,"changed":false,"applied":false,"owner":"cash","base":["call",4],"prop":["call",4]}}
{"variant":"flo8","format":"cash","street":"turn","seats":3,"seed":4040,"packOff":true,"workerMode":"off","action":"call","amount":4,"receipt":null}
{"variant":"flo8","format":"cash","street":"turn","seats":3,"seed":100101,"packOff":false,"workerMode":null,"action":"call","amount":4,"receipt":{"mode":"shadow","reason":"variant_price_call","eligible":true,"changed":false,"applied":false,"owner":"cash","base":["call",4],"prop":["call",4]}}
{"variant":"flo8","format":"cash","street":"turn","seats":3,"seed":100101,"packOff":true,"workerMode":"off","action":"call","amount":4,"receipt":null}
{"variant":"flo8","format":"cash","street":"river","seats":2,"seed":10301204,"packOff":false,"workerMode":null,"action":"call","amount":4,"receipt":{"mode":"shadow","reason":"variant_price_call","eligible":true,"changed":false,"applied":false,"owner":"cash","base":["call",4],"prop":["call",4]}}
{"variant":"flo8","format":"cash","street":"river","seats":2,"seed":10301204,"packOff":true,"workerMode":"off","action":"call","amount":4,"receipt":null}
{"variant":"flo8","format":"cash","street":"river","seats":2,"seed":4040,"packOff":false,"workerMode":null,"action":"call","amount":4,"receipt":{"mode":"shadow","reason":"variant_price_call","eligible":true,"changed":false,"applied":false,"owner":"cash","base":["call",4],"prop":["call",4]}}
{"variant":"flo8","format":"cash","street":"river","seats":2,"seed":4040,"packOff":true,"workerMode":"off","action":"call","amount":4,"receipt":null}
{"variant":"flo8","format":"cash","street":"river","seats":2,"seed":100101,"packOff":false,"workerMode":null,"action":"call","amount":4,"receipt":{"mode":"shadow","reason":"variant_price_call","eligible":true,"changed":false,"applied":false,"owner":"cash","base":["call",4],"prop":["call",4]}}
{"variant":"flo8","format":"cash","street":"river","seats":2,"seed":100101,"packOff":true,"workerMode":"off","action":"call","amount":4,"receipt":null}
{"variant":"flo8","format":"cash","street":"river","seats":3,"seed":10301204,"packOff":false,"workerMode":null,"action":"call","amount":4,"receipt":{"mode":"shadow","reason":"split_price_call","eligible":true,"changed":false,"applied":false,"owner":"cash","base":["call",4],"prop":["call",4]}}
{"variant":"flo8","format":"cash","street":"river","seats":3,"seed":10301204,"packOff":true,"workerMode":"off","action":"call","amount":4,"receipt":null}
{"variant":"flo8","format":"cash","street":"river","seats":3,"seed":4040,"packOff":false,"workerMode":null,"action":"call","amount":4,"receipt":{"mode":"shadow","reason":"variant_price_call","eligible":true,"changed":false,"applied":false,"owner":"cash","base":["call",4],"prop":["call",4]}}
{"variant":"flo8","format":"cash","street":"river","seats":3,"seed":4040,"packOff":true,"workerMode":"off","action":"call","amount":4,"receipt":null}
{"variant":"flo8","format":"cash","street":"river","seats":3,"seed":100101,"packOff":false,"workerMode":null,"action":"call","amount":4,"receipt":{"mode":"shadow","reason":"variant_price_call","eligible":true,"changed":false,"applied":false,"owner":"cash","base":["call",4],"prop":["call",4]}}
{"variant":"flo8","format":"cash","street":"river","seats":3,"seed":100101,"packOff":true,"workerMode":"off","action":"call","amount":4,"receipt":null}
{"variant":"flo8","format":"tournament","street":"preflop","seats":2,"seed":10301204,"packOff":false,"workerMode":null,"action":"raise","amount":4,"receipt":{"mode":"shadow","reason":"preflop_entry","eligible":true,"changed":false,"applied":false,"owner":"phase7_evaluated","base":["raise",4],"prop":["raise",4]}}
{"variant":"flo8","format":"tournament","street":"preflop","seats":2,"seed":10301204,"packOff":true,"workerMode":"off","action":"raise","amount":4,"receipt":null}
{"variant":"flo8","format":"tournament","street":"preflop","seats":2,"seed":4040,"packOff":false,"workerMode":null,"action":"raise","amount":4,"receipt":{"mode":"shadow","reason":"preflop_entry","eligible":true,"changed":false,"applied":false,"owner":"phase7_evaluated","base":["raise",4],"prop":["raise",4]}}
{"variant":"flo8","format":"tournament","street":"preflop","seats":2,"seed":4040,"packOff":true,"workerMode":"off","action":"raise","amount":4,"receipt":null}
{"variant":"flo8","format":"tournament","street":"preflop","seats":2,"seed":100101,"packOff":false,"workerMode":null,"action":"raise","amount":4,"receipt":{"mode":"shadow","reason":"preflop_entry","eligible":true,"changed":false,"applied":false,"owner":"phase7_evaluated","base":["raise",4],"prop":["raise",4]}}
{"variant":"flo8","format":"tournament","street":"preflop","seats":2,"seed":100101,"packOff":true,"workerMode":"off","action":"raise","amount":4,"receipt":null}
{"variant":"flo8","format":"tournament","street":"preflop","seats":3,"seed":10301204,"packOff":false,"workerMode":null,"action":"raise","amount":4,"receipt":{"mode":"shadow","reason":"preflop_entry","eligible":true,"changed":false,"applied":false,"owner":"phase7_evaluated","base":["raise",4],"prop":["raise",4]}}
{"variant":"flo8","format":"tournament","street":"preflop","seats":3,"seed":10301204,"packOff":true,"workerMode":"off","action":"raise","amount":4,"receipt":null}
{"variant":"flo8","format":"tournament","street":"preflop","seats":3,"seed":4040,"packOff":false,"workerMode":null,"action":"raise","amount":4,"receipt":{"mode":"shadow","reason":"preflop_entry","eligible":true,"changed":false,"applied":false,"owner":"phase7_evaluated","base":["raise",4],"prop":["raise",4]}}
{"variant":"flo8","format":"tournament","street":"preflop","seats":3,"seed":4040,"packOff":true,"workerMode":"off","action":"raise","amount":4,"receipt":null}
{"variant":"flo8","format":"tournament","street":"preflop","seats":3,"seed":100101,"packOff":false,"workerMode":null,"action":"raise","amount":4,"receipt":{"mode":"shadow","reason":"preflop_entry","eligible":true,"changed":false,"applied":false,"owner":"phase7_evaluated","base":["raise",4],"prop":["raise",4]}}
{"variant":"flo8","format":"tournament","street":"preflop","seats":3,"seed":100101,"packOff":true,"workerMode":"off","action":"raise","amount":4,"receipt":null}
{"variant":"flo8","format":"tournament","street":"flop","seats":2,"seed":10301204,"packOff":false,"workerMode":null,"action":"call","amount":2,"receipt":{"mode":"shadow","reason":"variant_price_call","eligible":true,"changed":false,"applied":false,"owner":"phase7_evaluated","base":["call",2],"prop":["call",2]}}
{"variant":"flo8","format":"tournament","street":"flop","seats":2,"seed":10301204,"packOff":true,"workerMode":"off","action":"call","amount":2,"receipt":null}
{"variant":"flo8","format":"tournament","street":"flop","seats":2,"seed":4040,"packOff":false,"workerMode":null,"action":"raise","amount":4,"receipt":{"mode":"shadow","reason":"variant_value_raise","eligible":true,"changed":false,"applied":false,"owner":"phase7_evaluated","base":["raise",4],"prop":["raise",4]}}
{"variant":"flo8","format":"tournament","street":"flop","seats":2,"seed":4040,"packOff":true,"workerMode":"off","action":"raise","amount":4,"receipt":null}
{"variant":"flo8","format":"tournament","street":"flop","seats":2,"seed":100101,"packOff":false,"workerMode":null,"action":"call","amount":2,"receipt":{"mode":"shadow","reason":"variant_value_raise","eligible":true,"changed":true,"applied":false,"owner":"phase7_evaluated","base":["call",2],"prop":["raise",4]}}
{"variant":"flo8","format":"tournament","street":"flop","seats":2,"seed":100101,"packOff":true,"workerMode":"off","action":"call","amount":2,"receipt":null}
{"variant":"flo8","format":"tournament","street":"flop","seats":3,"seed":10301204,"packOff":false,"workerMode":null,"action":"call","amount":2,"receipt":{"mode":"shadow","reason":"variant_price_call","eligible":true,"changed":false,"applied":false,"owner":"phase7_evaluated","base":["call",2],"prop":["call",2]}}
{"variant":"flo8","format":"tournament","street":"flop","seats":3,"seed":10301204,"packOff":true,"workerMode":"off","action":"call","amount":2,"receipt":null}
{"variant":"flo8","format":"tournament","street":"flop","seats":3,"seed":4040,"packOff":false,"workerMode":null,"action":"call","amount":2,"receipt":{"mode":"shadow","reason":"variant_price_call","eligible":true,"changed":false,"applied":false,"owner":"phase7_evaluated","base":["call",2],"prop":["call",2]}}
{"variant":"flo8","format":"tournament","street":"flop","seats":3,"seed":4040,"packOff":true,"workerMode":"off","action":"call","amount":2,"receipt":null}
{"variant":"flo8","format":"tournament","street":"flop","seats":3,"seed":100101,"packOff":false,"workerMode":null,"action":"call","amount":2,"receipt":{"mode":"shadow","reason":"variant_price_call","eligible":true,"changed":false,"applied":false,"owner":"phase7_evaluated","base":["call",2],"prop":["call",2]}}
{"variant":"flo8","format":"tournament","street":"flop","seats":3,"seed":100101,"packOff":true,"workerMode":"off","action":"call","amount":2,"receipt":null}
{"variant":"flo8","format":"tournament","street":"turn","seats":2,"seed":10301204,"packOff":false,"workerMode":null,"action":"call","amount":4,"receipt":{"mode":"shadow","reason":"variant_price_call","eligible":true,"changed":false,"applied":false,"owner":"phase7_evaluated","base":["call",4],"prop":["call",4]}}
{"variant":"flo8","format":"tournament","street":"turn","seats":2,"seed":10301204,"packOff":true,"workerMode":"off","action":"call","amount":4,"receipt":null}
{"variant":"flo8","format":"tournament","street":"turn","seats":2,"seed":4040,"packOff":false,"workerMode":null,"action":"raise","amount":8,"receipt":{"mode":"shadow","reason":"variant_price_call","eligible":true,"changed":true,"applied":false,"owner":"phase7_evaluated","base":["raise",8],"prop":["call",4]}}
{"variant":"flo8","format":"tournament","street":"turn","seats":2,"seed":4040,"packOff":true,"workerMode":"off","action":"raise","amount":8,"receipt":null}
{"variant":"flo8","format":"tournament","street":"turn","seats":2,"seed":100101,"packOff":false,"workerMode":null,"action":"call","amount":4,"receipt":{"mode":"shadow","reason":"variant_price_call","eligible":true,"changed":false,"applied":false,"owner":"phase7_evaluated","base":["call",4],"prop":["call",4]}}
{"variant":"flo8","format":"tournament","street":"turn","seats":2,"seed":100101,"packOff":true,"workerMode":"off","action":"call","amount":4,"receipt":null}
{"variant":"flo8","format":"tournament","street":"turn","seats":3,"seed":10301204,"packOff":false,"workerMode":null,"action":"call","amount":4,"receipt":{"mode":"shadow","reason":"variant_price_call","eligible":true,"changed":false,"applied":false,"owner":"phase7_evaluated","base":["call",4],"prop":["call",4]}}
{"variant":"flo8","format":"tournament","street":"turn","seats":3,"seed":10301204,"packOff":true,"workerMode":"off","action":"call","amount":4,"receipt":null}
{"variant":"flo8","format":"tournament","street":"turn","seats":3,"seed":4040,"packOff":false,"workerMode":null,"action":"call","amount":4,"receipt":{"mode":"shadow","reason":"variant_price_call","eligible":true,"changed":false,"applied":false,"owner":"phase7_unavailable","base":["call",4],"prop":["call",4]}}
{"variant":"flo8","format":"tournament","street":"turn","seats":3,"seed":4040,"packOff":true,"workerMode":"off","action":"call","amount":4,"receipt":null}
{"variant":"flo8","format":"tournament","street":"turn","seats":3,"seed":100101,"packOff":false,"workerMode":null,"action":"call","amount":4,"receipt":{"mode":"shadow","reason":"variant_price_call","eligible":true,"changed":false,"applied":false,"owner":"phase7_evaluated","base":["call",4],"prop":["call",4]}}
{"variant":"flo8","format":"tournament","street":"turn","seats":3,"seed":100101,"packOff":true,"workerMode":"off","action":"call","amount":4,"receipt":null}
{"variant":"flo8","format":"tournament","street":"river","seats":2,"seed":10301204,"packOff":false,"workerMode":null,"action":"call","amount":4,"receipt":{"mode":"shadow","reason":"variant_price_call","eligible":true,"changed":false,"applied":false,"owner":"phase7_evaluated","base":["call",4],"prop":["call",4]}}
{"variant":"flo8","format":"tournament","street":"river","seats":2,"seed":10301204,"packOff":true,"workerMode":"off","action":"call","amount":4,"receipt":null}
{"variant":"flo8","format":"tournament","street":"river","seats":2,"seed":4040,"packOff":false,"workerMode":null,"action":"call","amount":4,"receipt":{"mode":"shadow","reason":"variant_price_call","eligible":true,"changed":false,"applied":false,"owner":"phase7_evaluated","base":["call",4],"prop":["call",4]}}
{"variant":"flo8","format":"tournament","street":"river","seats":2,"seed":4040,"packOff":true,"workerMode":"off","action":"call","amount":4,"receipt":null}
{"variant":"flo8","format":"tournament","street":"river","seats":2,"seed":100101,"packOff":false,"workerMode":null,"action":"call","amount":4,"receipt":{"mode":"shadow","reason":"variant_price_call","eligible":true,"changed":false,"applied":false,"owner":"phase7_evaluated","base":["call",4],"prop":["call",4]}}
{"variant":"flo8","format":"tournament","street":"river","seats":2,"seed":100101,"packOff":true,"workerMode":"off","action":"call","amount":4,"receipt":null}
{"variant":"flo8","format":"tournament","street":"river","seats":3,"seed":10301204,"packOff":false,"workerMode":null,"action":"call","amount":4,"receipt":{"mode":"shadow","reason":"split_price_call","eligible":true,"changed":false,"applied":false,"owner":"phase7_unavailable","base":["call",4],"prop":["call",4]}}
{"variant":"flo8","format":"tournament","street":"river","seats":3,"seed":10301204,"packOff":true,"workerMode":"off","action":"call","amount":4,"receipt":null}
{"variant":"flo8","format":"tournament","street":"river","seats":3,"seed":4040,"packOff":false,"workerMode":null,"action":"call","amount":4,"receipt":{"mode":"shadow","reason":"variant_price_call","eligible":true,"changed":false,"applied":false,"owner":"phase7_unavailable","base":["call",4],"prop":["call",4]}}
{"variant":"flo8","format":"tournament","street":"river","seats":3,"seed":4040,"packOff":true,"workerMode":"off","action":"call","amount":4,"receipt":null}
{"variant":"flo8","format":"tournament","street":"river","seats":3,"seed":100101,"packOff":false,"workerMode":null,"action":"call","amount":4,"receipt":{"mode":"shadow","reason":"variant_price_call","eligible":true,"changed":false,"applied":false,"owner":"phase7_unavailable","base":["call",4],"prop":["call",4]}}
{"variant":"flo8","format":"tournament","street":"river","seats":3,"seed":100101,"packOff":true,"workerMode":"off","action":"call","amount":4,"receipt":null}

 Test Files  1 passed (1)
      Tests  1 passed | 216 skipped (217)
