Parsed test spec with 3 sessions

starting permutation: a_begin a_hand b_claim observed_wait a_row_available a_commit duplicate final_state
step a_begin: 
 BEGIN;

step a_hand: 
 SELECT public.fn_ca_share_settlement_lane_for_table('b7300000-0000-4000-8000-000000000004');

fn_ca_share_settlement_lane_for_table
-------------------------------------
                                     
(1 row)

step b_claim: 
 SELECT elimination_lane_native.claim(false);
 <waiting ...>
observer: NOTICE:  LANE_WAIT_PROVEN
step observed_wait: 
 DO $$ BEGIN IF NOT EXISTS(SELECT 1 FROM pg_stat_activity b JOIN pg_stat_activity a ON a.pid=ANY(pg_blocking_pids(b.pid))
 WHERE b.datname=current_database() AND a.datname=current_database() AND b.application_name='ordinary-elimination-owner'
 AND a.application_name='canonical-hand-owner' AND b.wait_event_type='Lock' AND b.wait_event='advisory') THEN
 RAISE EXCEPTION 'original claim did not wait at canonical lane'; END IF; RAISE NOTICE 'LANE_WAIT_PROVEN'; END $$;

a: NOTICE:  LANE_ROW_AVAILABLE
step a_row_available: 
 DO $$ BEGIN
 PERFORM 1 FROM public.tournaments WHERE id='b7200000-0000-4000-8000-000000000004' FOR UPDATE NOWAIT;
 IF NOT FOUND THEN RAISE EXCEPTION 'synthetic event missing'; END IF;
 RAISE NOTICE 'LANE_ROW_AVAILABLE'; END $$;

step a_commit: 
 COMMIT;

b: NOTICE:  LANE_CLAIM_PROVEN
step b_claim: <... completed>
claim
-----
     
(1 row)

b: NOTICE:  LANE_DUPLICATE_PROVEN
step duplicate: 
 SELECT elimination_lane_native.claim(true);

claim
-----
     
(1 row)

observer: NOTICE:  LANE_EFFECTS_PROVEN
step final_state: 
 DO $$ DECLARE c public.tournament_knockout_candidates; BEGIN
 SELECT * INTO STRICT c FROM public.tournament_knockout_candidates WHERE hand_number=9720004;
 IF c.state<>'eliminated'
 OR (SELECT count(*) FROM public.tournament_players WHERE tournament_id=c.tournament_id AND user_id=c.eliminated_user_id AND status='eliminated' AND chips=0 AND position=2 AND prize=0)<>1
 OR (SELECT count(*) FROM public.table_seats WHERE id=c.seat_id AND left_at IS NOT NULL AND stack=0)<>1
 OR EXISTS(SELECT 1 FROM public.tournament_bounty_obligations WHERE tournament_id=c.tournament_id)
 OR EXISTS(SELECT 1 FROM public.wallet_transactions WHERE related_entity_id=c.tournament_id)
 OR EXISTS(SELECT 1 FROM smarter_private.f06_elimination_dispatch)
 OR EXISTS(SELECT 1 FROM smarter_private.f06_operations WHERE source_table_id=c.table_id AND (state<>'park_requested' OR manifest IS NOT NULL OR custody_id IS NOT NULL OR revision<>0)) THEN
 RAISE EXCEPTION 'complete elimination effects differ'; END IF;
 RAISE NOTICE 'LANE_EFFECTS_PROVEN'; END $$;

