{
  "tables": 124,
  "functions": 240,
  "triggers": 177,
  "missing_foreign_tables": []
}

 actual_owner_success 
----------------------
 t
(1 row)

 test_assert 
-------------
 
(1 row)

Loaded unchanged accepted/bank owners and prospective Round1 with actual money graph
PASS baseline same window bank debit equals actual wallet credit
OBSERVATION {"after": {"bank": 983.0, "journal_amount": 17.0, "receipt_amount": 17.0, "receipts": 1, "wallet": 17.0}, "barrier": "third session holds actual club row; two RPC waits observed before release", "barrier_pid": 27334, "before": {"bank": 1000.0, "journal_amount": 0, "receipt_amount": 0, "receipts": 0, "wallet": 0.0}, "case": "baseline same window", "observed_waits": [{"application_name": "legacy-r2-first", "blocking_pids": [27334], "pid": 27337, "wait_event": "transactionid", "wait_event_type": "Lock"}, {"application_name": "legacy-r2-second", "blocking_pids": [27337], "pid": 27344, "wait_event": "tuple", "wait_event_type": "Lock"}], "outputs": [{"error": "", "exit": 0, "result": {"amount": 17.0, "detail": [], "name": "club_to_agents", "payees": 1, "round": 2, "shortfalls": 0}, "sqlstate": null}, {"error": "ERROR:  23505: duplicate key value violates unique constraint \"chip_ledger_idem_pkey\"\nDETAIL:  Key (idempotency_key)=(round2:00000000-0000-4000-8000-000000000901:2026-03-02:00000000-0000-4000-8000-000000000900:00000000-0000-4000-8000-000000000302) already exists.\nCONTEXT:  SQL statement \"INSERT INTO public.chip_ledger_idem (idempotency_key, leg_id, created_at)\n  VALUES (NEW.idempotency_key, NEW.id, COALESCE(NEW.created_at, now()))\"\nPL/pgSQL function zz_chip_ledger_key_is_claimed_once() line 11 at SQL statement\nSQL statement \"INSERT INTO public.chip_ledger\n      (performed_by, from_type, from_entity_id, to_type, to_entity_id,\n       amount, category, club_id, union_id, description, idempotency_key, metadata)\n    VALUES\n      (COALESCE(auth.uid(), '2d1cd6c3-5700-4af9-a271-d4863fdab20d'::uuid),\n       'club_treasury', r.club_id, 'player_wallet', r.agent_user,\n       round(r.owed, 2), 'commission', r.club_id, p_union_id,\n       'Round 2: club -> agent commission (period '\n         || to_char(p_period_start, 'YYYY-MM-DD') || '..'\n         || to_char(p_period_end, 'YYYY-MM-DD') || ')',\n       'round2:' || p_union_id::text || ':'\n         || to_char(p_period_start at time zone 'UTC', 'YYYY-MM-DD') || ':'\n         || r.club_id::text || ':' || r.agent_user::text,\n       jsonb_build_object('period_start', p_period_start, 'period_end', p_period_end,\n                          'rows_count', r.n, 'agent_balance_after', v_agent_bal))\n    ON CONFLICT DO NOTHING\"\nPL/pgSQL function fn_settle_round2_club_to_agents(uuid,timestamp with time zone,timestamp with time zone) line 102 at SQL statement\nSCHEMA NAME:  public\nTABLE NAME:  chip_ledger_idem\nCONSTRAINT NAME:  chip_ledger_idem_pkey\nLOCATION:  _bt_check_unique, nbtinsert.c:673", "exit": 1, "result": null, "sqlstate": "23505"}], "unique_legacy_amount": 17}
PASS baseline same window returned native outcomes for both contenders
PASS baseline overlapping windows bank debit equals actual wallet credit
OBSERVATION {"after": {"bank": 953.0, "journal_amount": 47.0, "receipt_amount": 47.0, "receipts": 3, "wallet": 47.0}, "barrier": "third session holds actual club row; two RPC waits observed before release", "barrier_pid": 27360, "before": {"bank": 983.0, "journal_amount": 17.0, "receipt_amount": 17.0, "receipts": 1, "wallet": 17.0}, "case": "baseline overlapping windows", "observed_waits": [{"application_name": "legacy-r2-first", "blocking_pids": [27360], "pid": 27363, "wait_event": "transactionid", "wait_event_type": "Lock"}, {"application_name": "legacy-r2-second", "blocking_pids": [27363], "pid": 27369, "wait_event": "tuple", "wait_event_type": "Lock"}], "outputs": [{"error": "", "exit": 0, "result": {"amount": 12.0, "detail": [], "name": "club_to_agents", "payees": 1, "round": 2, "shortfalls": 0}, "sqlstate": null}, {"error": "", "exit": 0, "result": {"amount": 18.0, "detail": [], "name": "club_to_agents", "payees": 1, "round": 2, "shortfalls": 0}, "sqlstate": null}], "unique_legacy_amount": 23}
PASS baseline overlapping windows returned native outcomes for both contenders
PASS baseline R2/direct-claim conflict commits only one 13-chip payment
PASS baseline R2/direct-claim reports its actual deadlock victim
PASS baseline R2/direct-claim retry causes no additional money or receipt
CREATE INDEX
PASS candidate same window bank debit equals actual wallet credit
OBSERVATION {"after": {"bank": 923.0, "journal_amount": 17.0, "receipt_amount": 17.0, "receipts": 1, "wallet": 17.0}, "barrier": "third session holds actual club row; two RPC waits observed before release", "barrier_pid": 27430, "before": {"bank": 940.0, "journal_amount": 0, "receipt_amount": 0, "receipts": 0, "wallet": 0.0}, "case": "candidate same window", "observed_waits": [{"application_name": "legacy-r2-first", "blocking_pids": [27430], "pid": 27433, "wait_event": "transactionid", "wait_event_type": "Lock"}, {"application_name": "legacy-r2-second", "blocking_pids": [27433], "pid": 27439, "wait_event": "tuple", "wait_event_type": "Lock"}], "outputs": [{"error": "", "exit": 0, "result": {"amount": 17.0, "detail": [], "name": "club_to_agents", "payees": 1, "round": 2, "shortfalls": 0}, "sqlstate": null}, {"error": "ERROR:  40001: Legacy commission receipt includes captured source or stale payable basis; retry\nCONTEXT:  PL/pgSQL function fn_ca_legacy_commission_receipt_excludes_captured() line 16 at RAISE\nSQL statement \"INSERT INTO public.agent_commission_settlements\n      (club_id, user_id, union_id, period_start, period_end, amount, rows_count, paid_at, settlement_ref)\n    VALUES (r.club_id, r.agent_user, p_union_id, p_period_start, p_period_end, round(r.owed, 2), r.n, now(),\n            'round2:' || p_union_id::text || ':' || to_char(p_period_start at time zone 'UTC', 'YYYY-MM-DD'))\n    ON CONFLICT (club_id, user_id, period_start, period_end) DO NOTHING\"\nPL/pgSQL function fn_settle_round2_club_to_agents(uuid,timestamp with time zone,timestamp with time zone) line 88 at SQL statement\nLOCATION:  exec_stmt_raise, pl_exec.c:3911", "exit": 1, "result": null, "sqlstate": "40001"}], "unique_legacy_amount": 17}
PASS candidate same window stale writer aborts with 40001
PASS candidate same window retry pays exactly the remaining historical basis
PASS candidate same window exact completed replay changes no public row
PASS candidate overlapping windows bank debit equals actual wallet credit
OBSERVATION {"after": {"bank": 911.0, "journal_amount": 29.0, "receipt_amount": 29.0, "receipts": 2, "wallet": 29.0}, "barrier": "third session holds actual club row; two RPC waits observed before release", "barrier_pid": 27471, "before": {"bank": 923.0, "journal_amount": 17.0, "receipt_amount": 17.0, "receipts": 1, "wallet": 17.0}, "case": "candidate overlapping windows", "observed_waits": [{"application_name": "legacy-r2-first", "blocking_pids": [27471], "pid": 27474, "wait_event": "transactionid", "wait_event_type": "Lock"}, {"application_name": "legacy-r2-second", "blocking_pids": [27474], "pid": 27481, "wait_event": "tuple", "wait_event_type": "Lock"}], "outputs": [{"error": "", "exit": 0, "result": {"amount": 12.0, "detail": [], "name": "club_to_agents", "payees": 1, "round": 2, "shortfalls": 0}, "sqlstate": null}, {"error": "ERROR:  40001: Legacy commission receipt includes captured source or stale payable basis; retry\nCONTEXT:  PL/pgSQL function fn_ca_legacy_commission_receipt_excludes_captured() line 16 at RAISE\nSQL statement \"INSERT INTO public.agent_commission_settlements\n      (club_id, user_id, union_id, period_start, period_end, amount, rows_count, paid_at, settlement_ref)\n    VALUES (r.club_id, r.agent_user, p_union_id, p_period_start, p_period_end, round(r.owed, 2), r.n, now(),\n            'round2:' || p_union_id::text || ':' || to_char(p_period_start at time zone 'UTC', 'YYYY-MM-DD'))\n    ON CONFLICT (club_id, user_id, period_start, period_end) DO NOTHING\"\nPL/pgSQL function fn_settle_round2_club_to_agents(uuid,timestamp with time zone,timestamp with time zone) line 88 at SQL statement\nLOCATION:  exec_stmt_raise, pl_exec.c:3911", "exit": 1, "result": null, "sqlstate": "40001"}], "unique_legacy_amount": 23}
PASS candidate overlapping windows stale writer aborts with 40001
PASS candidate overlapping windows retry pays exactly the remaining historical basis
PASS candidate overlapping windows exact completed replay changes no public row
PASS candidate R2/direct-claim conflict commits only one 13-chip payment
PASS candidate R2/direct-claim reports its actual deadlock victim
PASS candidate R2/direct-claim retry causes no additional money or receipt
{"checks": 18, "completed_cases": 6}
