PASS individual close payer and actual wallet pointer
PASS observed simultaneous weekly selections
PASS observed weekly wait versus independent claim
PASS direct authenticated claim wins before weekly payer without changing funding owner
PASS mixed captured direct claim excludes source and ignores stale gross estimate
PASS mixed captured weekly payer excludes source and records legacy amount
PASS captured-only claim has no legacy payment or financial receipt
PASS captured-only weekly has no legacy payment or financial receipt
PASS agent shortfall remains payable by legitimate direct club-funded claim
PASS final journal fault rolls back all claim money and receipts
PASS final journal fault rolls back all weekly money and receipts
PASS historical paid periods and receipts remain immutable on replay
PASS unrelated authenticated actor cannot claim another player period
PASS direct weekly RPC remains unavailable to authenticated users
PASS captured original direct close refuses captured projection after money with full rollback
PASS weekly cutoff never includes the next open earning week under another session timezone
PASS pure legacy cold basis preserves UTC amounts under UTC and Honolulu sessions
PASS open period direct and authenticated claims preserve pending accrual without money
PASS captured old direct close cannot finalize an open earning period
PASS captured old zero-payout close cannot mark an open earning period paid
PASS maturity transition guard preserves already-paid historical rows even with unusual dates
PASS claim pins admitted clubs across a late earlier-sorting club insertion
PASS weekly pins admitted clubs across a late earlier-sorting club insertion
PASS captured original Round3 body is refused at receipt fence with full rollback
PASS actual two-period aggregate shortfall defers both then funded retry pays exact receipts once
PASS original two-period claim category leak is preserved as evidence and corrected close restores caller context
PASS malformed negative legacy basis refuses without discarding aggregate members
PASS malformed missing_rate legacy basis refuses without discarding aggregate members
PASS malformed missing_basis legacy basis refuses without discarding aggregate members
PASS actual running old Round3 partially stale two-period set rolls back after body replacement
PASS actual running old Round3 all stale two-period set rolls back after body replacement
ROLLING_RESULTS [{"error":{"code":"40P01","message":"deadlock detected"}},{"rows":[{"result":{"name":"agents_to_players","round":3,"amount":30,"detail":[],"payees":1,"shortfalls":0}}]}]
PASS observed old multi-period claim crossing replacement with claim deadlock victim resolves atomically and retries once
ROLLING_RESULTS [{"rows":[{"result":{"success":true,"total_payout":30,"periods_claimed":2}}]},{"error":{"code":"40P01","message":"deadlock detected"}}]
PASS observed old multi-period claim crossing replacement with weekly deadlock victim resolves atomically and retries once
{"mode":"after","passed":33}
